  Determining projects to restore...
  All projects are up-to-date for restore.
  Domain -> C:\Users\r.sanil\source\CleanArchitechBlazor\CleanArchitectureWithBlazorServer\src\Domain\bin\Debug\net10.0\CleanArchitecture.Blazor.Domain.dll
  HIS.Core.Abstractions -> C:\Users\r.sanil\source\CleanArchitechBlazor\CleanArchitectureWithBlazorServer\src\Modules\HIS.Core\HIS.Core.Abstractions\bin\Debug\net10.0\HIS.Core.Abstractions.dll
  HIS.Core.Licensing -> C:\Users\r.sanil\source\CleanArchitechBlazor\CleanArchitectureWithBlazorServer\src\Modules\HIS.Core\HIS.Core.Licensing\bin\Debug\net10.0\HIS.Core.Licensing.dll
  LicenseGenerator -> C:\Users\r.sanil\source\CleanArchitechBlazor\CleanArchitectureWithBlazorServer\tools\LicenseGenerator\bin\Debug\net10.0\LicenseGenerator.dll
  Application -> C:\Users\r.sanil\source\CleanArchitechBlazor\CleanArchitectureWithBlazorServer\src\Application\bin\Debug\net10.0\CleanArchitecture.Blazor.Application.dll
  Domain.UnitTests -> C:\Users\r.sanil\source\CleanArchitechBlazor\CleanArchitectureWithBlazorServer\tests\Domain.UnitTests\bin\Debug\net10.0\CleanArchitecture.Blazor.Domain.UnitTests.dll
  HIS.Core.Infrastructure -> C:\Users\r.sanil\source\CleanArchitechBlazor\CleanArchitectureWithBlazorServer\src\Modules\HIS.Core\HIS.Core.Infrastructure\bin\Debug\net10.0\HIS.Core.Infrastructure.dll
  HIS.MasterData.Domain -> C:\Users\r.sanil\source\CleanArchitechBlazor\CleanArchitectureWithBlazorServer\src\Modules\HIS.MasterData\HIS.MasterData.Domain\bin\Debug\net10.0\HIS.MasterData.Domain.dll
  HIS.MasterData.Application -> C:\Users\r.sanil\source\CleanArchitechBlazor\CleanArchitectureWithBlazorServer\src\Modules\HIS.MasterData\HIS.MasterData.Application\bin\Debug\net10.0\HIS.MasterData.Application.dll
  HIS.MasterData.Infrastructure -> C:\Users\r.sanil\source\CleanArchitechBlazor\CleanArchitectureWithBlazorServer\src\Modules\HIS.MasterData\HIS.MasterData.Infrastructure\bin\Debug\net10.0\HIS.MasterData.Infrastructure.dll
  Infrastructure -> C:\Users\r.sanil\source\CleanArchitechBlazor\CleanArchitectureWithBlazorServer\src\Infrastructure\bin\Debug\net10.0\CleanArchitecture.Blazor.Infrastructure.dll
  Migrators.SqLite -> C:\Users\r.sanil\source\CleanArchitechBlazor\CleanArchitectureWithBlazorServer\src\Migrators\Migrators.SqLite\bin\Debug\net10.0\CleanArchitecture.Blazor.Migrators.SqLite.dll
  Migrators.MSSQL -> C:\Users\r.sanil\source\CleanArchitechBlazor\CleanArchitectureWithBlazorServer\src\Migrators\Migrators.MSSQL\bin\Debug\net10.0\CleanArchitecture.Blazor.Migrators.MSSQL.dll
  Migrators.PostgreSQL -> C:\Users\r.sanil\source\CleanArchitechBlazor\CleanArchitectureWithBlazorServer\src\Migrators\Migrators.PostgreSQL\bin\Debug\net10.0\CleanArchitecture.Blazor.Migrators.PostgreSQL.dll
  Application.UnitTests -> C:\Users\r.sanil\source\CleanArchitechBlazor\CleanArchitectureWithBlazorServer\tests\Application.UnitTests\bin\Debug\net10.0\CleanArchitecture.Blazor.Application.UnitTests.dll
  [Telerik and Kendo UI Licensing]
        Your Telerik UI for Blazor subscription is active. Expiration in 122 days.
  [Telerik and Kendo UI Licensing]
        Your Telerik Document Processing Libraries subscription is active. Expiration in 122 days.
C:\Users\r.sanil\source\CleanArchitechBlazor\CleanArchitectureWithBlazorServer\src\Server.UI\Pages\AI\Chatbot.razor(9,8): warning CS0105: The using directive for 'System.ComponentModel' appeared previously in this namespace [C:\Users\r.sanil\source\CleanArchitechBlazor\CleanArchitectureWithBlazorServer\src\Server.UI\Server.UI.csproj]
C:\Users\r.sanil\source\CleanArchitechBlazor\CleanArchitectureWithBlazorServer\src\Server.UI\Pages\Cities.DISABLED\Cities.razor(2,54): error CS0234: The type or namespace name 'Cities' does not exist in the namespace 'CleanArchitecture.Blazor.Application.Features' (are you missing an assembly reference?) [C:\Users\r.sanil\source\CleanArchitechBlazor\CleanArchitectureWithBlazorServer\src\Server.UI\Server.UI.csproj]
C:\Users\r.sanil\source\CleanArchitechBlazor\CleanArchitectureWithBlazorServer\src\Server.UI\Pages\Cities.DISABLED\Cities.razor(3,54): error CS0234: The type or namespace name 'Cities' does not exist in the namespace 'CleanArchitecture.Blazor.Application.Features' (are you missing an assembly reference?) [C:\Users\r.sanil\source\CleanArchitechBlazor\CleanArchitectureWithBlazorServer\src\Server.UI\Server.UI.csproj]
C:\Users\r.sanil\source\CleanArchitechBlazor\CleanArchitectureWithBlazorServer\src\Server.UI\Pages\Cities.DISABLED\Cities.razor(4,54): error CS0234: The type or namespace name 'Cities' does not exist in the namespace 'CleanArchitecture.Blazor.Application.Features' (are you missing an assembly reference?) [C:\Users\r.sanil\source\CleanArchitechBlazor\CleanArchitectureWithBlazorServer\src\Server.UI\Server.UI.csproj]
C:\Users\r.sanil\source\CleanArchitechBlazor\CleanArchitectureWithBlazorServer\src\Server.UI\Pages\Cities.DISABLED\Cities.razor(5,54): error CS0234: The type or namespace name 'Cities' does not exist in the namespace 'CleanArchitecture.Blazor.Application.Features' (are you missing an assembly reference?) [C:\Users\r.sanil\source\CleanArchitechBlazor\CleanArchitectureWithBlazorServer\src\Server.UI\Server.UI.csproj]
C:\Users\r.sanil\source\CleanArchitechBlazor\CleanArchitectureWithBlazorServer\src\Server.UI\Pages\Cities.DISABLED\Cities.razor(6,54): error CS0234: The type or namespace name 'Cities' does not exist in the namespace 'CleanArchitecture.Blazor.Application.Features' (are you missing an assembly reference?) [C:\Users\r.sanil\source\CleanArchitechBlazor\CleanArchitectureWithBlazorServer\src\Server.UI\Server.UI.csproj]
C:\Users\r.sanil\source\CleanArchitechBlazor\CleanArchitectureWithBlazorServer\src\Server.UI\Pages\Cities.DISABLED\Cities.razor(7,54): error CS0234: The type or namespace name 'Cities' does not exist in the namespace 'CleanArchitecture.Blazor.Application.Features' (are you missing an assembly reference?) [C:\Users\r.sanil\source\CleanArchitechBlazor\CleanArchitectureWithBlazorServer\src\Server.UI\Server.UI.csproj]
C:\Users\r.sanil\source\CleanArchitechBlazor\CleanArchitectureWithBlazorServer\src\Server.UI\Pages\Cities.DISABLED\Cities.razor(8,54): error CS0234: The type or namespace name 'Countries' does not exist in the namespace 'CleanArchitecture.Blazor.Application.Features' (are you missing an assembly reference?) [C:\Users\r.sanil\source\CleanArchitechBlazor\CleanArchitectureWithBlazorServer\src\Server.UI\Server.UI.csproj]
C:\Users\r.sanil\source\CleanArchitechBlazor\CleanArchitectureWithBlazorServer\src\Server.UI\Pages\Cities.DISABLED\Cities.razor(9,54): error CS0234: The type or namespace name 'Countries' does not exist in the namespace 'CleanArchitecture.Blazor.Application.Features' (are you missing an assembly reference?) [C:\Users\r.sanil\source\CleanArchitechBlazor\CleanArchitectureWithBlazorServer\src\Server.UI\Server.UI.csproj]
C:\Users\r.sanil\source\CleanArchitechBlazor\CleanArchitectureWithBlazorServer\src\Server.UI\Pages\Cities.DISABLED\Cities.razor(10,49): error CS0234: The type or namespace name 'Cities' does not exist in the namespace 'CleanArchitecture.Blazor.Server.UI.Pages' (are you missing an assembly reference?) [C:\Users\r.sanil\source\CleanArchitechBlazor\CleanArchitectureWithBlazorServer\src\Server.UI\Server.UI.csproj]
C:\Users\r.sanil\source\CleanArchitechBlazor\CleanArchitectureWithBlazorServer\src\Server.UI\Pages\Cities.DISABLED\Cities.razor(189,57): error CS0246: The type or namespace name 'AddEditCityCommand' could not be found (are you missing a using directive or an assembly reference?) [C:\Users\r.sanil\source\CleanArchitechBlazor\CleanArchitectureWithBlazorServer\src\Server.UI\Server.UI.csproj]
C:\Users\r.sanil\source\CleanArchitechBlazor\CleanArchitectureWithBlazorServer\src\Server.UI\_Imports.razor(71,20): warning CS0108: 'ActiveUserSession.JS' hides inherited member 'CircuitHubComponentBase.JS'. Use the new keyword if hiding was intended. [C:\Users\r.sanil\source\CleanArchitechBlazor\CleanArchitectureWithBlazorServer\src\Server.UI\Server.UI.csproj]
C:\Users\r.sanil\source\CleanArchitechBlazor\CleanArchitectureWithBlazorServer\src\Server.UI\_Imports.razor(71,20): warning CS0108: 'OnlineUsersTracker.JS' hides inherited member 'CircuitHubComponentBase.JS'. Use the new keyword if hiding was intended. [C:\Users\r.sanil\source\CleanArchitechBlazor\CleanArchitectureWithBlazorServer\src\Server.UI\Server.UI.csproj]
C:\Users\r.sanil\source\CleanArchitechBlazor\CleanArchitectureWithBlazorServer\src\Server.UI\Pages\Cities.DISABLED\Components\CityFormDialog.razor(1,54): error CS0234: The type or namespace name 'Cities' does not exist in the namespace 'CleanArchitecture.Blazor.Application.Features' (are you missing an assembly reference?) [C:\Users\r.sanil\source\CleanArchitechBlazor\CleanArchitectureWithBlazorServer\src\Server.UI\Server.UI.csproj]
C:\Users\r.sanil\source\CleanArchitechBlazor\CleanArchitectureWithBlazorServer\src\Server.UI\Pages\Cities.DISABLED\Components\CityFormDialog.razor(2,54): error CS0234: The type or namespace name 'Cities' does not exist in the namespace 'CleanArchitecture.Blazor.Application.Features' (are you missing an assembly reference?) [C:\Users\r.sanil\source\CleanArchitechBlazor\CleanArchitectureWithBlazorServer\src\Server.UI\Server.UI.csproj]
C:\Users\r.sanil\source\CleanArchitechBlazor\CleanArchitectureWithBlazorServer\src\Server.UI\Pages\Cities.DISABLED\Components\CityFormDialog.razor(3,54): error CS0234: The type or namespace name 'Countries' does not exist in the namespace 'CleanArchitecture.Blazor.Application.Features' (are you missing an assembly reference?) [C:\Users\r.sanil\source\CleanArchitechBlazor\CleanArchitectureWithBlazorServer\src\Server.UI\Server.UI.csproj]
C:\Users\r.sanil\source\CleanArchitechBlazor\CleanArchitectureWithBlazorServer\src\Server.UI\Pages\BloodGroups.DISABLED\BloodGroups.razor(2,54): error CS0234: The type or namespace name 'BloodGroups' does not exist in the namespace 'CleanArchitecture.Blazor.Application.Features' (are you missing an assembly reference?) [C:\Users\r.sanil\source\CleanArchitechBlazor\CleanArchitectureWithBlazorServer\src\Server.UI\Server.UI.csproj]
C:\Users\r.sanil\source\CleanArchitechBlazor\CleanArchitectureWithBlazorServer\src\Server.UI\Pages\BloodGroups.DISABLED\BloodGroups.razor(3,54): error CS0234: The type or namespace name 'BloodGroups' does not exist in the namespace 'CleanArchitecture.Blazor.Application.Features' (are you missing an assembly reference?) [C:\Users\r.sanil\source\CleanArchitechBlazor\CleanArchitectureWithBlazorServer\src\Server.UI\Server.UI.csproj]
C:\Users\r.sanil\source\CleanArchitechBlazor\CleanArchitectureWithBlazorServer\src\Server.UI\Pages\BloodGroups.DISABLED\BloodGroups.razor(4,54): error CS0234: The type or namespace name 'BloodGroups' does not exist in the namespace 'CleanArchitecture.Blazor.Application.Features' (are you missing an assembly reference?) [C:\Users\r.sanil\source\CleanArchitechBlazor\CleanArchitectureWithBlazorServer\src\Server.UI\Server.UI.csproj]
C:\Users\r.sanil\source\CleanArchitechBlazor\CleanArchitectureWithBlazorServer\src\Server.UI\Pages\BloodGroups.DISABLED\BloodGroups.razor(5,54): error CS0234: The type or namespace name 'BloodGroups' does not exist in the namespace 'CleanArchitecture.Blazor.Application.Features' (are you missing an assembly reference?) [C:\Users\r.sanil\source\CleanArchitechBlazor\CleanArchitectureWithBlazorServer\src\Server.UI\Server.UI.csproj]
C:\Users\r.sanil\source\CleanArchitechBlazor\CleanArchitectureWithBlazorServer\src\Server.UI\Pages\BloodGroups.DISABLED\BloodGroups.razor(6,54): error CS0234: The type or namespace name 'BloodGroups' does not exist in the namespace 'CleanArchitecture.Blazor.Application.Features' (are you missing an assembly reference?) [C:\Users\r.sanil\source\CleanArchitechBlazor\CleanArchitectureWithBlazorServer\src\Server.UI\Server.UI.csproj]
C:\Users\r.sanil\source\CleanArchitechBlazor\CleanArchitectureWithBlazorServer\src\Server.UI\Pages\BloodGroups.DISABLED\BloodGroups.razor(7,54): error CS0234: The type or namespace name 'BloodGroups' does not exist in the namespace 'CleanArchitecture.Blazor.Application.Features' (are you missing an assembly reference?) [C:\Users\r.sanil\source\CleanArchitechBlazor\CleanArchitectureWithBlazorServer\src\Server.UI\Server.UI.csproj]
C:\Users\r.sanil\source\CleanArchitechBlazor\CleanArchitectureWithBlazorServer\src\Server.UI\Pages\BloodGroups.DISABLED\BloodGroups.razor(8,49): error CS0234: The type or namespace name 'BloodGroups' does not exist in the namespace 'CleanArchitecture.Blazor.Server.UI.Pages' (are you missing an assembly reference?) [C:\Users\r.sanil\source\CleanArchitechBlazor\CleanArchitectureWithBlazorServer\src\Server.UI\Server.UI.csproj]
C:\Users\r.sanil\source\CleanArchitechBlazor\CleanArchitectureWithBlazorServer\src\Server.UI\Pages\Cities.DISABLED\Components\CityFormDialog.razor(43,40): error CS0246: The type or namespace name 'AddEditCityCommand' could not be found (are you missing a using directive or an assembly reference?) [C:\Users\r.sanil\source\CleanArchitechBlazor\CleanArchitectureWithBlazorServer\src\Server.UI\Server.UI.csproj]
C:\Users\r.sanil\source\CleanArchitechBlazor\CleanArchitectureWithBlazorServer\src\Server.UI\Pages\BloodGroups.DISABLED\BloodGroups.razor(175,57): error CS0246: The type or namespace name 'AddEditBloodGroupCommand' could not be found (are you missing a using directive or an assembly reference?) [C:\Users\r.sanil\source\CleanArchitechBlazor\CleanArchitectureWithBlazorServer\src\Server.UI\Server.UI.csproj]
C:\Users\r.sanil\source\CleanArchitechBlazor\CleanArchitectureWithBlazorServer\src\Server.UI\Components\Localization\LanguageSelector.razor(1,8): warning CS0105: The using directive for 'System.Globalization' appeared previously in this namespace [C:\Users\r.sanil\source\CleanArchitechBlazor\CleanArchitectureWithBlazorServer\src\Server.UI\Server.UI.csproj]
C:\Users\r.sanil\source\CleanArchitechBlazor\CleanArchitectureWithBlazorServer\src\Server.UI\Pages\BloodGroups.DISABLED\Components\BloodGroupFormDialog.razor(1,54): error CS0234: The type or namespace name 'BloodGroups' does not exist in the namespace 'CleanArchitecture.Blazor.Application.Features' (are you missing an assembly reference?) [C:\Users\r.sanil\source\CleanArchitechBlazor\CleanArchitectureWithBlazorServer\src\Server.UI\Server.UI.csproj]
C:\Users\r.sanil\source\CleanArchitechBlazor\CleanArchitectureWithBlazorServer\src\Server.UI\Pages\BloodGroups.DISABLED\Components\BloodGroupFormDialog.razor(2,54): error CS0234: The type or namespace name 'BloodGroups' does not exist in the namespace 'CleanArchitecture.Blazor.Application.Features' (are you missing an assembly reference?) [C:\Users\r.sanil\source\CleanArchitechBlazor\CleanArchitectureWithBlazorServer\src\Server.UI\Server.UI.csproj]
C:\Users\r.sanil\source\CleanArchitechBlazor\CleanArchitectureWithBlazorServer\src\Server.UI\Pages\Countries.DISABLED\Countries.razor(2,54): error CS0234: The type or namespace name 'Countries' does not exist in the namespace 'CleanArchitecture.Blazor.Application.Features' (are you missing an assembly reference?) [C:\Users\r.sanil\source\CleanArchitechBlazor\CleanArchitectureWithBlazorServer\src\Server.UI\Server.UI.csproj]
C:\Users\r.sanil\source\CleanArchitechBlazor\CleanArchitectureWithBlazorServer\src\Server.UI\Pages\Countries.DISABLED\Countries.razor(3,54): error CS0234: The type or namespace name 'Countries' does not exist in the namespace 'CleanArchitecture.Blazor.Application.Features' (are you missing an assembly reference?) [C:\Users\r.sanil\source\CleanArchitechBlazor\CleanArchitectureWithBlazorServer\src\Server.UI\Server.UI.csproj]
C:\Users\r.sanil\source\CleanArchitechBlazor\CleanArchitectureWithBlazorServer\src\Server.UI\Pages\Countries.DISABLED\Countries.razor(4,54): error CS0234: The type or namespace name 'Countries' does not exist in the namespace 'CleanArchitecture.Blazor.Application.Features' (are you missing an assembly reference?) [C:\Users\r.sanil\source\CleanArchitechBlazor\CleanArchitectureWithBlazorServer\src\Server.UI\Server.UI.csproj]
C:\Users\r.sanil\source\CleanArchitechBlazor\CleanArchitectureWithBlazorServer\src\Server.UI\Pages\Countries.DISABLED\Countries.razor(5,54): error CS0234: The type or namespace name 'Countries' does not exist in the namespace 'CleanArchitecture.Blazor.Application.Features' (are you missing an assembly reference?) [C:\Users\r.sanil\source\CleanArchitechBlazor\CleanArchitectureWithBlazorServer\src\Server.UI\Server.UI.csproj]
C:\Users\r.sanil\source\CleanArchitechBlazor\CleanArchitectureWithBlazorServer\src\Server.UI\Pages\Countries.DISABLED\Countries.razor(6,54): error CS0234: The type or namespace name 'Countries' does not exist in the namespace 'CleanArchitecture.Blazor.Application.Features' (are you missing an assembly reference?) [C:\Users\r.sanil\source\CleanArchitechBlazor\CleanArchitectureWithBlazorServer\src\Server.UI\Server.UI.csproj]
C:\Users\r.sanil\source\CleanArchitechBlazor\CleanArchitectureWithBlazorServer\src\Server.UI\Pages\Countries.DISABLED\Countries.razor(7,54): error CS0234: The type or namespace name 'Countries' does not exist in the namespace 'CleanArchitecture.Blazor.Application.Features' (are you missing an assembly reference?) [C:\Users\r.sanil\source\CleanArchitechBlazor\CleanArchitectureWithBlazorServer\src\Server.UI\Server.UI.csproj]
C:\Users\r.sanil\source\CleanArchitechBlazor\CleanArchitectureWithBlazorServer\src\Server.UI\Pages\Countries.DISABLED\Countries.razor(8,49): error CS0234: The type or namespace name 'Countries' does not exist in the namespace 'CleanArchitecture.Blazor.Server.UI.Pages' (are you missing an assembly reference?) [C:\Users\r.sanil\source\CleanArchitechBlazor\CleanArchitectureWithBlazorServer\src\Server.UI\Server.UI.csproj]
C:\Users\r.sanil\source\CleanArchitechBlazor\CleanArchitectureWithBlazorServer\src\Server.UI\Pages\Countries.DISABLED\Components\CountryFormDialog.razor(1,54): error CS0234: The type or namespace name 'Countries' does not exist in the namespace 'CleanArchitecture.Blazor.Application.Features' (are you missing an assembly reference?) [C:\Users\r.sanil\source\CleanArchitechBlazor\CleanArchitectureWithBlazorServer\src\Server.UI\Server.UI.csproj]
C:\Users\r.sanil\source\CleanArchitechBlazor\CleanArchitectureWithBlazorServer\src\Server.UI\Pages\Countries.DISABLED\Components\CountryFormDialog.razor(2,54): error CS0234: The type or namespace name 'Countries' does not exist in the namespace 'CleanArchitecture.Blazor.Application.Features' (are you missing an assembly reference?) [C:\Users\r.sanil\source\CleanArchitechBlazor\CleanArchitectureWithBlazorServer\src\Server.UI\Server.UI.csproj]
C:\Users\r.sanil\source\CleanArchitechBlazor\CleanArchitectureWithBlazorServer\src\Server.UI\Pages\Countries.DISABLED\Components\CountryFormDialog.razor(42,40): error CS0246: The type or namespace name 'AddEditCountryCommand' could not be found (are you missing a using directive or an assembly reference?) [C:\Users\r.sanil\source\CleanArchitechBlazor\CleanArchitectureWithBlazorServer\src\Server.UI\Server.UI.csproj]
C:\Users\r.sanil\source\CleanArchitechBlazor\CleanArchitectureWithBlazorServer\src\Server.UI\Pages\BloodGroups.DISABLED\Components\BloodGroupFormDialog.razor(36,40): error CS0246: The type or namespace name 'AddEditBloodGroupCommand' could not be found (are you missing a using directive or an assembly reference?) [C:\Users\r.sanil\source\CleanArchitechBlazor\CleanArchitectureWithBlazorServer\src\Server.UI\Server.UI.csproj]
C:\Users\r.sanil\source\CleanArchitechBlazor\CleanArchitectureWithBlazorServer\src\Server.UI\Pages\Countries.DISABLED\Countries.razor(177,57): error CS0246: The type or namespace name 'AddEditCountryCommand' could not be found (are you missing a using directive or an assembly reference?) [C:\Users\r.sanil\source\CleanArchitechBlazor\CleanArchitectureWithBlazorServer\src\Server.UI\Server.UI.csproj]
C:\Users\r.sanil\source\CleanArchitechBlazor\CleanArchitectureWithBlazorServer\src\Server.UI\Pages\Nationalities.DISABLED\Nationalities.razor(2,54): error CS0234: The type or namespace name 'Nationalities' does not exist in the namespace 'CleanArchitecture.Blazor.Application.Features' (are you missing an assembly reference?) [C:\Users\r.sanil\source\CleanArchitechBlazor\CleanArchitectureWithBlazorServer\src\Server.UI\Server.UI.csproj]
C:\Users\r.sanil\source\CleanArchitechBlazor\CleanArchitectureWithBlazorServer\src\Server.UI\Pages\Nationalities.DISABLED\Nationalities.razor(3,54): error CS0234: The type or namespace name 'Nationalities' does not exist in the namespace 'CleanArchitecture.Blazor.Application.Features' (are you missing an assembly reference?) [C:\Users\r.sanil\source\CleanArchitechBlazor\CleanArchitectureWithBlazorServer\src\Server.UI\Server.UI.csproj]
C:\Users\r.sanil\source\CleanArchitechBlazor\CleanArchitectureWithBlazorServer\src\Server.UI\Pages\Nationalities.DISABLED\Nationalities.razor(4,54): error CS0234: The type or namespace name 'Nationalities' does not exist in the namespace 'CleanArchitecture.Blazor.Application.Features' (are you missing an assembly reference?) [C:\Users\r.sanil\source\CleanArchitechBlazor\CleanArchitectureWithBlazorServer\src\Server.UI\Server.UI.csproj]
C:\Users\r.sanil\source\CleanArchitechBlazor\CleanArchitectureWithBlazorServer\src\Server.UI\Pages\Nationalities.DISABLED\Nationalities.razor(5,54): error CS0234: The type or namespace name 'Nationalities' does not exist in the namespace 'CleanArchitecture.Blazor.Application.Features' (are you missing an assembly reference?) [C:\Users\r.sanil\source\CleanArchitechBlazor\CleanArchitectureWithBlazorServer\src\Server.UI\Server.UI.csproj]
C:\Users\r.sanil\source\CleanArchitechBlazor\CleanArchitectureWithBlazorServer\src\Server.UI\Pages\Nationalities.DISABLED\Nationalities.razor(6,54): error CS0234: The type or namespace name 'Nationalities' does not exist in the namespace 'CleanArchitecture.Blazor.Application.Features' (are you missing an assembly reference?) [C:\Users\r.sanil\source\CleanArchitechBlazor\CleanArchitectureWithBlazorServer\src\Server.UI\Server.UI.csproj]
C:\Users\r.sanil\source\CleanArchitechBlazor\CleanArchitectureWithBlazorServer\src\Server.UI\Pages\Nationalities.DISABLED\Nationalities.razor(7,54): error CS0234: The type or namespace name 'Nationalities' does not exist in the namespace 'CleanArchitecture.Blazor.Application.Features' (are you missing an assembly reference?) [C:\Users\r.sanil\source\CleanArchitechBlazor\CleanArchitectureWithBlazorServer\src\Server.UI\Server.UI.csproj]
C:\Users\r.sanil\source\CleanArchitechBlazor\CleanArchitectureWithBlazorServer\src\Server.UI\Pages\Nationalities.DISABLED\Nationalities.razor(8,49): error CS0234: The type or namespace name 'Nationalities' does not exist in the namespace 'CleanArchitecture.Blazor.Server.UI.Pages' (are you missing an assembly reference?) [C:\Users\r.sanil\source\CleanArchitechBlazor\CleanArchitectureWithBlazorServer\src\Server.UI\Server.UI.csproj]
C:\Users\r.sanil\source\CleanArchitechBlazor\CleanArchitectureWithBlazorServer\src\Server.UI\Pages\MaritalStatuses.DISABLED\MaritalStatuses.razor(2,54): error CS0234: The type or namespace name 'MaritalStatuses' does not exist in the namespace 'CleanArchitecture.Blazor.Application.Features' (are you missing an assembly reference?) [C:\Users\r.sanil\source\CleanArchitechBlazor\CleanArchitectureWithBlazorServer\src\Server.UI\Server.UI.csproj]
C:\Users\r.sanil\source\CleanArchitechBlazor\CleanArchitectureWithBlazorServer\src\Server.UI\Pages\MaritalStatuses.DISABLED\MaritalStatuses.razor(3,54): error CS0234: The type or namespace name 'MaritalStatuses' does not exist in the namespace 'CleanArchitecture.Blazor.Application.Features' (are you missing an assembly reference?) [C:\Users\r.sanil\source\CleanArchitechBlazor\CleanArchitectureWithBlazorServer\src\Server.UI\Server.UI.csproj]
C:\Users\r.sanil\source\CleanArchitechBlazor\CleanArchitectureWithBlazorServer\src\Server.UI\Pages\MaritalStatuses.DISABLED\MaritalStatuses.razor(4,54): error CS0234: The type or namespace name 'MaritalStatuses' does not exist in the namespace 'CleanArchitecture.Blazor.Application.Features' (are you missing an assembly reference?) [C:\Users\r.sanil\source\CleanArchitechBlazor\CleanArchitectureWithBlazorServer\src\Server.UI\Server.UI.csproj]
C:\Users\r.sanil\source\CleanArchitechBlazor\CleanArchitectureWithBlazorServer\src\Server.UI\Pages\MaritalStatuses.DISABLED\MaritalStatuses.razor(5,54): error CS0234: The type or namespace name 'MaritalStatuses' does not exist in the namespace 'CleanArchitecture.Blazor.Application.Features' (are you missing an assembly reference?) [C:\Users\r.sanil\source\CleanArchitechBlazor\CleanArchitectureWithBlazorServer\src\Server.UI\Server.UI.csproj]
C:\Users\r.sanil\source\CleanArchitechBlazor\CleanArchitectureWithBlazorServer\src\Server.UI\Pages\MaritalStatuses.DISABLED\MaritalStatuses.razor(6,54): error CS0234: The type or namespace name 'MaritalStatuses' does not exist in the namespace 'CleanArchitecture.Blazor.Application.Features' (are you missing an assembly reference?) [C:\Users\r.sanil\source\CleanArchitechBlazor\CleanArchitectureWithBlazorServer\src\Server.UI\Server.UI.csproj]
C:\Users\r.sanil\source\CleanArchitechBlazor\CleanArchitectureWithBlazorServer\src\Server.UI\Pages\MaritalStatuses.DISABLED\MaritalStatuses.razor(7,54): error CS0234: The type or namespace name 'MaritalStatuses' does not exist in the namespace 'CleanArchitecture.Blazor.Application.Features' (are you missing an assembly reference?) [C:\Users\r.sanil\source\CleanArchitechBlazor\CleanArchitectureWithBlazorServer\src\Server.UI\Server.UI.csproj]
C:\Users\r.sanil\source\CleanArchitechBlazor\CleanArchitectureWithBlazorServer\src\Server.UI\Pages\MaritalStatuses.DISABLED\MaritalStatuses.razor(8,49): error CS0234: The type or namespace name 'MaritalStatuses' does not exist in the namespace 'CleanArchitecture.Blazor.Server.UI.Pages' (are you missing an assembly reference?) [C:\Users\r.sanil\source\CleanArchitechBlazor\CleanArchitectureWithBlazorServer\src\Server.UI\Server.UI.csproj]
C:\Users\r.sanil\source\CleanArchitechBlazor\CleanArchitectureWithBlazorServer\src\Server.UI\Components\Shared\Themes\ThemesMenu.razor(3,8): warning CS0105: The using directive for 'System.Globalization' appeared previously in this namespace [C:\Users\r.sanil\source\CleanArchitechBlazor\CleanArchitectureWithBlazorServer\src\Server.UI\Server.UI.csproj]
C:\Users\r.sanil\source\CleanArchitechBlazor\CleanArchitectureWithBlazorServer\src\Server.UI\Pages\Nationalities.DISABLED\Components\NationalityFormDialog.razor(1,54): error CS0234: The type or namespace name 'Nationalities' does not exist in the namespace 'CleanArchitecture.Blazor.Application.Features' (are you missing an assembly reference?) [C:\Users\r.sanil\source\CleanArchitechBlazor\CleanArchitectureWithBlazorServer\src\Server.UI\Server.UI.csproj]
C:\Users\r.sanil\source\CleanArchitechBlazor\CleanArchitectureWithBlazorServer\src\Server.UI\Pages\Nationalities.DISABLED\Components\NationalityFormDialog.razor(2,54): error CS0234: The type or namespace name 'Nationalities' does not exist in the namespace 'CleanArchitecture.Blazor.Application.Features' (are you missing an assembly reference?) [C:\Users\r.sanil\source\CleanArchitechBlazor\CleanArchitectureWithBlazorServer\src\Server.UI\Server.UI.csproj]
C:\Users\r.sanil\source\CleanArchitechBlazor\CleanArchitectureWithBlazorServer\src\Server.UI\Pages\MaritalStatuses.DISABLED\Components\MaritalStatusFormDialog.razor(1,54): error CS0234: The type or namespace name 'MaritalStatuses' does not exist in the namespace 'CleanArchitecture.Blazor.Application.Features' (are you missing an assembly reference?) [C:\Users\r.sanil\source\CleanArchitechBlazor\CleanArchitectureWithBlazorServer\src\Server.UI\Server.UI.csproj]
C:\Users\r.sanil\source\CleanArchitechBlazor\CleanArchitectureWithBlazorServer\src\Server.UI\Pages\MaritalStatuses.DISABLED\Components\MaritalStatusFormDialog.razor(2,54): error CS0234: The type or namespace name 'MaritalStatuses' does not exist in the namespace 'CleanArchitecture.Blazor.Application.Features' (are you missing an assembly reference?) [C:\Users\r.sanil\source\CleanArchitechBlazor\CleanArchitectureWithBlazorServer\src\Server.UI\Server.UI.csproj]
C:\Users\r.sanil\source\CleanArchitechBlazor\CleanArchitectureWithBlazorServer\src\Server.UI\Pages\Patients\PatientForm.razor(7,54): error CS0234: The type or namespace name 'BloodGroups' does not exist in the namespace 'CleanArchitecture.Blazor.Application.Features' (are you missing an assembly reference?) [C:\Users\r.sanil\source\CleanArchitechBlazor\CleanArchitectureWithBlazorServer\src\Server.UI\Server.UI.csproj]
C:\Users\r.sanil\source\CleanArchitechBlazor\CleanArchitectureWithBlazorServer\src\Server.UI\Pages\Patients\PatientForm.razor(8,54): error CS0234: The type or namespace name 'BloodGroups' does not exist in the namespace 'CleanArchitecture.Blazor.Application.Features' (are you missing an assembly reference?) [C:\Users\r.sanil\source\CleanArchitechBlazor\CleanArchitectureWithBlazorServer\src\Server.UI\Server.UI.csproj]
C:\Users\r.sanil\source\CleanArchitechBlazor\CleanArchitectureWithBlazorServer\src\Server.UI\Pages\Patients\PatientForm.razor(9,54): error CS0234: The type or namespace name 'Countries' does not exist in the namespace 'CleanArchitecture.Blazor.Application.Features' (are you missing an assembly reference?) [C:\Users\r.sanil\source\CleanArchitechBlazor\CleanArchitectureWithBlazorServer\src\Server.UI\Server.UI.csproj]
C:\Users\r.sanil\source\CleanArchitechBlazor\CleanArchitectureWithBlazorServer\src\Server.UI\Pages\Patients\PatientForm.razor(10,54): error CS0234: The type or namespace name 'Countries' does not exist in the namespace 'CleanArchitecture.Blazor.Application.Features' (are you missing an assembly reference?) [C:\Users\r.sanil\source\CleanArchitechBlazor\CleanArchitectureWithBlazorServer\src\Server.UI\Server.UI.csproj]
C:\Users\r.sanil\source\CleanArchitechBlazor\CleanArchitectureWithBlazorServer\src\Server.UI\Pages\Patients\PatientForm.razor(11,54): error CS0234: The type or namespace name 'Cities' does not exist in the namespace 'CleanArchitecture.Blazor.Application.Features' (are you missing an assembly reference?) [C:\Users\r.sanil\source\CleanArchitechBlazor\CleanArchitectureWithBlazorServer\src\Server.UI\Server.UI.csproj]
C:\Users\r.sanil\source\CleanArchitechBlazor\CleanArchitectureWithBlazorServer\src\Server.UI\Pages\Patients\PatientForm.razor(12,54): error CS0234: The type or namespace name 'Cities' does not exist in the namespace 'CleanArchitecture.Blazor.Application.Features' (are you missing an assembly reference?) [C:\Users\r.sanil\source\CleanArchitechBlazor\CleanArchitectureWithBlazorServer\src\Server.UI\Server.UI.csproj]
C:\Users\r.sanil\source\CleanArchitechBlazor\CleanArchitectureWithBlazorServer\src\Server.UI\Pages\Patients\PatientForm.razor(13,54): error CS0234: The type or namespace name 'Nationalities' does not exist in the namespace 'CleanArchitecture.Blazor.Application.Features' (are you missing an assembly reference?) [C:\Users\r.sanil\source\CleanArchitechBlazor\CleanArchitectureWithBlazorServer\src\Server.UI\Server.UI.csproj]
C:\Users\r.sanil\source\CleanArchitechBlazor\CleanArchitectureWithBlazorServer\src\Server.UI\Pages\Patients\PatientForm.razor(14,54): error CS0234: The type or namespace name 'Nationalities' does not exist in the namespace 'CleanArchitecture.Blazor.Application.Features' (are you missing an assembly reference?) [C:\Users\r.sanil\source\CleanArchitechBlazor\CleanArchitectureWithBlazorServer\src\Server.UI\Server.UI.csproj]
C:\Users\r.sanil\source\CleanArchitechBlazor\CleanArchitectureWithBlazorServer\src\Server.UI\Pages\Patients\PatientForm.razor(15,54): error CS0234: The type or namespace name 'MaritalStatuses' does not exist in the namespace 'CleanArchitecture.Blazor.Application.Features' (are you missing an assembly reference?) [C:\Users\r.sanil\source\CleanArchitechBlazor\CleanArchitectureWithBlazorServer\src\Server.UI\Server.UI.csproj]
C:\Users\r.sanil\source\CleanArchitechBlazor\CleanArchitectureWithBlazorServer\src\Server.UI\Pages\Patients\PatientForm.razor(16,54): error CS0234: The type or namespace name 'MaritalStatuses' does not exist in the namespace 'CleanArchitecture.Blazor.Application.Features' (are you missing an assembly reference?) [C:\Users\r.sanil\source\CleanArchitechBlazor\CleanArchitectureWithBlazorServer\src\Server.UI\Server.UI.csproj]
C:\Users\r.sanil\source\CleanArchitechBlazor\CleanArchitectureWithBlazorServer\src\Server.UI\Pages\MaritalStatuses.DISABLED\MaritalStatuses.razor(175,57): error CS0246: The type or namespace name 'AddEditMaritalStatusCommand' could not be found (are you missing a using directive or an assembly reference?) [C:\Users\r.sanil\source\CleanArchitechBlazor\CleanArchitectureWithBlazorServer\src\Server.UI\Server.UI.csproj]
C:\Users\r.sanil\source\CleanArchitechBlazor\CleanArchitectureWithBlazorServer\src\Server.UI\Pages\Nationalities.DISABLED\Components\NationalityFormDialog.razor(33,40): error CS0246: The type or namespace name 'AddEditNationalityCommand' could not be found (are you missing a using directive or an assembly reference?) [C:\Users\r.sanil\source\CleanArchitechBlazor\CleanArchitectureWithBlazorServer\src\Server.UI\Server.UI.csproj]
C:\Users\r.sanil\source\CleanArchitechBlazor\CleanArchitectureWithBlazorServer\src\Server.UI\Pages\Identity\Roles\Roles.razor(6,8): warning CS0105: The using directive for 'System.Security.Claims' appeared previously in this namespace [C:\Users\r.sanil\source\CleanArchitechBlazor\CleanArchitectureWithBlazorServer\src\Server.UI\Server.UI.csproj]
C:\Users\r.sanil\source\CleanArchitechBlazor\CleanArchitectureWithBlazorServer\src\Server.UI\Pages\Identity\Roles\Roles.razor(10,8): warning CS0105: The using directive for 'System.Linq.Expressions' appeared previously in this namespace [C:\Users\r.sanil\source\CleanArchitechBlazor\CleanArchitectureWithBlazorServer\src\Server.UI\Server.UI.csproj]
C:\Users\r.sanil\source\CleanArchitechBlazor\CleanArchitectureWithBlazorServer\src\Server.UI\Pages\Identity\Authentication\ConfirmEmail.razor(3,8): warning CS0105: The using directive for 'System.Text' appeared previously in this namespace [C:\Users\r.sanil\source\CleanArchitechBlazor\CleanArchitectureWithBlazorServer\src\Server.UI\Server.UI.csproj]
C:\Users\r.sanil\source\CleanArchitechBlazor\CleanArchitectureWithBlazorServer\src\Server.UI\Pages\Patients\Components\PatientFormDialog.razor(2,54): error CS0234: The type or namespace name 'BloodGroups' does not exist in the namespace 'CleanArchitecture.Blazor.Application.Features' (are you missing an assembly reference?) [C:\Users\r.sanil\source\CleanArchitechBlazor\CleanArchitectureWithBlazorServer\src\Server.UI\Server.UI.csproj]
C:\Users\r.sanil\source\CleanArchitechBlazor\CleanArchitectureWithBlazorServer\src\Server.UI\Pages\Patients\Components\PatientFormDialog.razor(3,54): error CS0234: The type or namespace name 'BloodGroups' does not exist in the namespace 'CleanArchitecture.Blazor.Application.Features' (are you missing an assembly reference?) [C:\Users\r.sanil\source\CleanArchitechBlazor\CleanArchitectureWithBlazorServer\src\Server.UI\Server.UI.csproj]
C:\Users\r.sanil\source\CleanArchitechBlazor\CleanArchitectureWithBlazorServer\src\Server.UI\Pages\Patients\Components\PatientFormDialog.razor(4,54): error CS0234: The type or namespace name 'MaritalStatuses' does not exist in the namespace 'CleanArchitecture.Blazor.Application.Features' (are you missing an assembly reference?) [C:\Users\r.sanil\source\CleanArchitechBlazor\CleanArchitectureWithBlazorServer\src\Server.UI\Server.UI.csproj]
C:\Users\r.sanil\source\CleanArchitechBlazor\CleanArchitectureWithBlazorServer\src\Server.UI\Pages\Patients\Components\PatientFormDialog.razor(5,54): error CS0234: The type or namespace name 'MaritalStatuses' does not exist in the namespace 'CleanArchitecture.Blazor.Application.Features' (are you missing an assembly reference?) [C:\Users\r.sanil\source\CleanArchitechBlazor\CleanArchitectureWithBlazorServer\src\Server.UI\Server.UI.csproj]
C:\Users\r.sanil\source\CleanArchitechBlazor\CleanArchitectureWithBlazorServer\src\Server.UI\Pages\Patients\Components\PatientFormDialog.razor(6,54): error CS0234: The type or namespace name 'Nationalities' does not exist in the namespace 'CleanArchitecture.Blazor.Application.Features' (are you missing an assembly reference?) [C:\Users\r.sanil\source\CleanArchitechBlazor\CleanArchitectureWithBlazorServer\src\Server.UI\Server.UI.csproj]
C:\Users\r.sanil\source\CleanArchitechBlazor\CleanArchitectureWithBlazorServer\src\Server.UI\Pages\Patients\Components\PatientFormDialog.razor(7,54): error CS0234: The type or namespace name 'Nationalities' does not exist in the namespace 'CleanArchitecture.Blazor.Application.Features' (are you missing an assembly reference?) [C:\Users\r.sanil\source\CleanArchitechBlazor\CleanArchitectureWithBlazorServer\src\Server.UI\Server.UI.csproj]
C:\Users\r.sanil\source\CleanArchitechBlazor\CleanArchitectureWithBlazorServer\src\Server.UI\Pages\Patients\Components\PatientFormDialog.razor(8,54): error CS0234: The type or namespace name 'Cities' does not exist in the namespace 'CleanArchitecture.Blazor.Application.Features' (are you missing an assembly reference?) [C:\Users\r.sanil\source\CleanArchitechBlazor\CleanArchitectureWithBlazorServer\src\Server.UI\Server.UI.csproj]
C:\Users\r.sanil\source\CleanArchitechBlazor\CleanArchitectureWithBlazorServer\src\Server.UI\Pages\Patients\Components\PatientFormDialog.razor(9,54): error CS0234: The type or namespace name 'Cities' does not exist in the namespace 'CleanArchitecture.Blazor.Application.Features' (are you missing an assembly reference?) [C:\Users\r.sanil\source\CleanArchitechBlazor\CleanArchitectureWithBlazorServer\src\Server.UI\Server.UI.csproj]
C:\Users\r.sanil\source\CleanArchitechBlazor\CleanArchitectureWithBlazorServer\src\Server.UI\Pages\Patients\Components\PatientFormDialog.razor(10,54): error CS0234: The type or namespace name 'Countries' does not exist in the namespace 'CleanArchitecture.Blazor.Application.Features' (are you missing an assembly reference?) [C:\Users\r.sanil\source\CleanArchitechBlazor\CleanArchitectureWithBlazorServer\src\Server.UI\Server.UI.csproj]
C:\Users\r.sanil\source\CleanArchitechBlazor\CleanArchitectureWithBlazorServer\src\Server.UI\Pages\Patients\Components\PatientFormDialog.razor(11,54): error CS0234: The type or namespace name 'Countries' does not exist in the namespace 'CleanArchitecture.Blazor.Application.Features' (are you missing an assembly reference?) [C:\Users\r.sanil\source\CleanArchitechBlazor\CleanArchitectureWithBlazorServer\src\Server.UI\Server.UI.csproj]
C:\Users\r.sanil\source\CleanArchitechBlazor\CleanArchitectureWithBlazorServer\src\Server.UI\Pages\MaritalStatuses.DISABLED\Components\MaritalStatusFormDialog.razor(36,40): error CS0246: The type or namespace name 'AddEditMaritalStatusCommand' could not be found (are you missing a using directive or an assembly reference?) [C:\Users\r.sanil\source\CleanArchitechBlazor\CleanArchitectureWithBlazorServer\src\Server.UI\Server.UI.csproj]
C:\Users\r.sanil\source\CleanArchitechBlazor\CleanArchitectureWithBlazorServer\src\Server.UI\Pages\Identity\Authentication\ExternalLogin.razor(2,8): warning CS0105: The using directive for 'System.Security.Claims' appeared previously in this namespace [C:\Users\r.sanil\source\CleanArchitechBlazor\CleanArchitectureWithBlazorServer\src\Server.UI\Server.UI.csproj]
C:\Users\r.sanil\source\CleanArchitechBlazor\CleanArchitectureWithBlazorServer\src\Server.UI\Pages\Identity\Authentication\ExternalLogin.razor(3,8): warning CS0105: The using directive for 'System.Text' appeared previously in this namespace [C:\Users\r.sanil\source\CleanArchitechBlazor\CleanArchitectureWithBlazorServer\src\Server.UI\Server.UI.csproj]
C:\Users\r.sanil\source\CleanArchitechBlazor\CleanArchitectureWithBlazorServer\src\Server.UI\Pages\Identity\Authentication\ExternalLogin.razor(10,8): warning CS0105: The using directive for 'System.ComponentModel.DataAnnotations' appeared previously in this namespace [C:\Users\r.sanil\source\CleanArchitechBlazor\CleanArchitectureWithBlazorServer\src\Server.UI\Server.UI.csproj]
C:\Users\r.sanil\source\CleanArchitechBlazor\CleanArchitectureWithBlazorServer\src\Server.UI\Pages\Identity\Authentication\ExternalLogin.razor(11,8): warning CS0105: The using directive for 'System.Globalization' appeared previously in this namespace [C:\Users\r.sanil\source\CleanArchitechBlazor\CleanArchitectureWithBlazorServer\src\Server.UI\Server.UI.csproj]
C:\Users\r.sanil\source\CleanArchitechBlazor\CleanArchitectureWithBlazorServer\src\Server.UI\Pages\Identity\Authentication\Forgot.razor(4,8): warning CS0105: The using directive for 'System.Text' appeared previously in this namespace [C:\Users\r.sanil\source\CleanArchitechBlazor\CleanArchitectureWithBlazorServer\src\Server.UI\Server.UI.csproj]
C:\Users\r.sanil\source\CleanArchitechBlazor\CleanArchitectureWithBlazorServer\src\Server.UI\Pages\Identity\Authentication\Forgot.razor(6,8): warning CS0105: The using directive for 'System.ComponentModel.DataAnnotations' appeared previously in this namespace [C:\Users\r.sanil\source\CleanArchitechBlazor\CleanArchitectureWithBlazorServer\src\Server.UI\Server.UI.csproj]
C:\Users\r.sanil\source\CleanArchitechBlazor\CleanArchitectureWithBlazorServer\src\Server.UI\Pages\Nationalities.DISABLED\Nationalities.razor(174,57): error CS0246: The type or namespace name 'AddEditNationalityCommand' could not be found (are you missing a using directive or an assembly reference?) [C:\Users\r.sanil\source\CleanArchitechBlazor\CleanArchitectureWithBlazorServer\src\Server.UI\Server.UI.csproj]
C:\Users\r.sanil\source\CleanArchitechBlazor\CleanArchitectureWithBlazorServer\src\Server.UI\Pages\Identity\Users\Users.razor(19,8): warning CS0105: The using directive for 'System.Linq.Expressions' appeared previously in this namespace [C:\Users\r.sanil\source\CleanArchitechBlazor\CleanArchitectureWithBlazorServer\src\Server.UI\Server.UI.csproj]
C:\Users\r.sanil\source\CleanArchitechBlazor\CleanArchitectureWithBlazorServer\src\Server.UI\Pages\Identity\Users\Users.razor(22,8): warning CS0105: The using directive for 'System.Security.Claims' appeared previously in this namespace [C:\Users\r.sanil\source\CleanArchitechBlazor\CleanArchitectureWithBlazorServer\src\Server.UI\Server.UI.csproj]
C:\Users\r.sanil\source\CleanArchitechBlazor\CleanArchitectureWithBlazorServer\src\Server.UI\Pages\Identity\Users\Users.razor(23,8): warning CS0105: The using directive for 'System.Globalization' appeared previously in this namespace [C:\Users\r.sanil\source\CleanArchitechBlazor\CleanArchitectureWithBlazorServer\src\Server.UI\Server.UI.csproj]
C:\Users\r.sanil\source\CleanArchitechBlazor\CleanArchitectureWithBlazorServer\src\Server.UI\Pages\Identity\Authentication\Login.razor(6,8): warning CS0105: The using directive for 'System.ComponentModel.DataAnnotations' appeared previously in this namespace [C:\Users\r.sanil\source\CleanArchitechBlazor\CleanArchitectureWithBlazorServer\src\Server.UI\Server.UI.csproj]
C:\Users\r.sanil\source\CleanArchitechBlazor\CleanArchitectureWithBlazorServer\src\Server.UI\Pages\Identity\Authentication\LoginWith2fa.razor(3,8): warning CS0105: The using directive for 'System.ComponentModel.DataAnnotations' appeared previously in this namespace [C:\Users\r.sanil\source\CleanArchitechBlazor\CleanArchitectureWithBlazorServer\src\Server.UI\Server.UI.csproj]
C:\Users\r.sanil\source\CleanArchitechBlazor\CleanArchitectureWithBlazorServer\src\Server.UI\Pages\Identity\Authentication\LoginWithRecoveryCode.razor(3,8): warning CS0105: The using directive for 'System.ComponentModel.DataAnnotations' appeared previously in this namespace [C:\Users\r.sanil\source\CleanArchitechBlazor\CleanArchitectureWithBlazorServer\src\Server.UI\Server.UI.csproj]
C:\Users\r.sanil\source\CleanArchitechBlazor\CleanArchitectureWithBlazorServer\src\Server.UI\Pages\Identity\Authentication\Register.razor(8,8): warning CS0105: The using directive for 'System.Text' appeared previously in this namespace [C:\Users\r.sanil\source\CleanArchitechBlazor\CleanArchitectureWithBlazorServer\src\Server.UI\Server.UI.csproj]
C:\Users\r.sanil\source\CleanArchitechBlazor\CleanArchitectureWithBlazorServer\src\Server.UI\Pages\Identity\Authentication\Register.razor(10,8): warning CS0105: The using directive for 'System.ComponentModel.DataAnnotations' appeared previously in this namespace [C:\Users\r.sanil\source\CleanArchitechBlazor\CleanArchitectureWithBlazorServer\src\Server.UI\Server.UI.csproj]
C:\Users\r.sanil\source\CleanArchitechBlazor\CleanArchitectureWithBlazorServer\src\Server.UI\Pages\Identity\Authentication\Register.razor(11,8): warning CS0105: The using directive for 'System.Globalization' appeared previously in this namespace [C:\Users\r.sanil\source\CleanArchitechBlazor\CleanArchitectureWithBlazorServer\src\Server.UI\Server.UI.csproj]
C:\Users\r.sanil\source\CleanArchitechBlazor\CleanArchitectureWithBlazorServer\src\Server.UI\Pages\Identity\Authentication\ResetPassword.razor(3,8): warning CS0105: The using directive for 'System.Text' appeared previously in this namespace [C:\Users\r.sanil\source\CleanArchitechBlazor\CleanArchitectureWithBlazorServer\src\Server.UI\Server.UI.csproj]
C:\Users\r.sanil\source\CleanArchitechBlazor\CleanArchitectureWithBlazorServer\src\Server.UI\Pages\Identity\Authentication\ResetPassword.razor(5,8): warning CS0105: The using directive for 'System.ComponentModel.DataAnnotations' appeared previously in this namespace [C:\Users\r.sanil\source\CleanArchitechBlazor\CleanArchitectureWithBlazorServer\src\Server.UI\Server.UI.csproj]

Build FAILED.

C:\Users\r.sanil\source\CleanArchitechBlazor\CleanArchitectureWithBlazorServer\src\Server.UI\Pages\AI\Chatbot.razor(9,8): warning CS0105: The using directive for 'System.ComponentModel' appeared previously in this namespace [C:\Users\r.sanil\source\CleanArchitechBlazor\CleanArchitectureWithBlazorServer\src\Server.UI\Server.UI.csproj]
C:\Users\r.sanil\source\CleanArchitechBlazor\CleanArchitectureWithBlazorServer\src\Server.UI\_Imports.razor(71,20): warning CS0108: 'ActiveUserSession.JS' hides inherited member 'CircuitHubComponentBase.JS'. Use the new keyword if hiding was intended. [C:\Users\r.sanil\source\CleanArchitechBlazor\CleanArchitectureWithBlazorServer\src\Server.UI\Server.UI.csproj]
C:\Users\r.sanil\source\CleanArchitechBlazor\CleanArchitectureWithBlazorServer\src\Server.UI\_Imports.razor(71,20): warning CS0108: 'OnlineUsersTracker.JS' hides inherited member 'CircuitHubComponentBase.JS'. Use the new keyword if hiding was intended. [C:\Users\r.sanil\source\CleanArchitechBlazor\CleanArchitectureWithBlazorServer\src\Server.UI\Server.UI.csproj]
C:\Users\r.sanil\source\CleanArchitechBlazor\CleanArchitectureWithBlazorServer\src\Server.UI\Components\Localization\LanguageSelector.razor(1,8): warning CS0105: The using directive for 'System.Globalization' appeared previously in this namespace [C:\Users\r.sanil\source\CleanArchitechBlazor\CleanArchitectureWithBlazorServer\src\Server.UI\Server.UI.csproj]
C:\Users\r.sanil\source\CleanArchitechBlazor\CleanArchitectureWithBlazorServer\src\Server.UI\Components\Shared\Themes\ThemesMenu.razor(3,8): warning CS0105: The using directive for 'System.Globalization' appeared previously in this namespace [C:\Users\r.sanil\source\CleanArchitechBlazor\CleanArchitectureWithBlazorServer\src\Server.UI\Server.UI.csproj]
C:\Users\r.sanil\source\CleanArchitechBlazor\CleanArchitectureWithBlazorServer\src\Server.UI\Pages\Identity\Roles\Roles.razor(6,8): warning CS0105: The using directive for 'System.Security.Claims' appeared previously in this namespace [C:\Users\r.sanil\source\CleanArchitechBlazor\CleanArchitectureWithBlazorServer\src\Server.UI\Server.UI.csproj]
C:\Users\r.sanil\source\CleanArchitechBlazor\CleanArchitectureWithBlazorServer\src\Server.UI\Pages\Identity\Roles\Roles.razor(10,8): warning CS0105: The using directive for 'System.Linq.Expressions' appeared previously in this namespace [C:\Users\r.sanil\source\CleanArchitechBlazor\CleanArchitectureWithBlazorServer\src\Server.UI\Server.UI.csproj]
C:\Users\r.sanil\source\CleanArchitechBlazor\CleanArchitectureWithBlazorServer\src\Server.UI\Pages\Identity\Authentication\ConfirmEmail.razor(3,8): warning CS0105: The using directive for 'System.Text' appeared previously in this namespace [C:\Users\r.sanil\source\CleanArchitechBlazor\CleanArchitectureWithBlazorServer\src\Server.UI\Server.UI.csproj]
C:\Users\r.sanil\source\CleanArchitechBlazor\CleanArchitectureWithBlazorServer\src\Server.UI\Pages\Identity\Authentication\ExternalLogin.razor(2,8): warning CS0105: The using directive for 'System.Security.Claims' appeared previously in this namespace [C:\Users\r.sanil\source\CleanArchitechBlazor\CleanArchitectureWithBlazorServer\src\Server.UI\Server.UI.csproj]
C:\Users\r.sanil\source\CleanArchitechBlazor\CleanArchitectureWithBlazorServer\src\Server.UI\Pages\Identity\Authentication\ExternalLogin.razor(3,8): warning CS0105: The using directive for 'System.Text' appeared previously in this namespace [C:\Users\r.sanil\source\CleanArchitechBlazor\CleanArchitectureWithBlazorServer\src\Server.UI\Server.UI.csproj]
C:\Users\r.sanil\source\CleanArchitechBlazor\CleanArchitectureWithBlazorServer\src\Server.UI\Pages\Identity\Authentication\ExternalLogin.razor(10,8): warning CS0105: The using directive for 'System.ComponentModel.DataAnnotations' appeared previously in this namespace [C:\Users\r.sanil\source\CleanArchitechBlazor\CleanArchitectureWithBlazorServer\src\Server.UI\Server.UI.csproj]
C:\Users\r.sanil\source\CleanArchitechBlazor\CleanArchitectureWithBlazorServer\src\Server.UI\Pages\Identity\Authentication\ExternalLogin.razor(11,8): warning CS0105: The using directive for 'System.Globalization' appeared previously in this namespace [C:\Users\r.sanil\source\CleanArchitechBlazor\CleanArchitectureWithBlazorServer\src\Server.UI\Server.UI.csproj]
C:\Users\r.sanil\source\CleanArchitechBlazor\CleanArchitectureWithBlazorServer\src\Server.UI\Pages\Identity\Authentication\Forgot.razor(4,8): warning CS0105: The using directive for 'System.Text' appeared previously in this namespace [C:\Users\r.sanil\source\CleanArchitechBlazor\CleanArchitectureWithBlazorServer\src\Server.UI\Server.UI.csproj]
C:\Users\r.sanil\source\CleanArchitechBlazor\CleanArchitectureWithBlazorServer\src\Server.UI\Pages\Identity\Authentication\Forgot.razor(6,8): warning CS0105: The using directive for 'System.ComponentModel.DataAnnotations' appeared previously in this namespace [C:\Users\r.sanil\source\CleanArchitechBlazor\CleanArchitectureWithBlazorServer\src\Server.UI\Server.UI.csproj]
C:\Users\r.sanil\source\CleanArchitechBlazor\CleanArchitectureWithBlazorServer\src\Server.UI\Pages\Identity\Users\Users.razor(19,8): warning CS0105: The using directive for 'System.Linq.Expressions' appeared previously in this namespace [C:\Users\r.sanil\source\CleanArchitechBlazor\CleanArchitectureWithBlazorServer\src\Server.UI\Server.UI.csproj]
C:\Users\r.sanil\source\CleanArchitechBlazor\CleanArchitectureWithBlazorServer\src\Server.UI\Pages\Identity\Users\Users.razor(22,8): warning CS0105: The using directive for 'System.Security.Claims' appeared previously in this namespace [C:\Users\r.sanil\source\CleanArchitechBlazor\CleanArchitectureWithBlazorServer\src\Server.UI\Server.UI.csproj]
C:\Users\r.sanil\source\CleanArchitechBlazor\CleanArchitectureWithBlazorServer\src\Server.UI\Pages\Identity\Users\Users.razor(23,8): warning CS0105: The using directive for 'System.Globalization' appeared previously in this namespace [C:\Users\r.sanil\source\CleanArchitechBlazor\CleanArchitectureWithBlazorServer\src\Server.UI\Server.UI.csproj]
C:\Users\r.sanil\source\CleanArchitechBlazor\CleanArchitectureWithBlazorServer\src\Server.UI\Pages\Identity\Authentication\Login.razor(6,8): warning CS0105: The using directive for 'System.ComponentModel.DataAnnotations' appeared previously in this namespace [C:\Users\r.sanil\source\CleanArchitechBlazor\CleanArchitectureWithBlazorServer\src\Server.UI\Server.UI.csproj]
C:\Users\r.sanil\source\CleanArchitechBlazor\CleanArchitectureWithBlazorServer\src\Server.UI\Pages\Identity\Authentication\LoginWith2fa.razor(3,8): warning CS0105: The using directive for 'System.ComponentModel.DataAnnotations' appeared previously in this namespace [C:\Users\r.sanil\source\CleanArchitechBlazor\CleanArchitectureWithBlazorServer\src\Server.UI\Server.UI.csproj]
C:\Users\r.sanil\source\CleanArchitechBlazor\CleanArchitectureWithBlazorServer\src\Server.UI\Pages\Identity\Authentication\LoginWithRecoveryCode.razor(3,8): warning CS0105: The using directive for 'System.ComponentModel.DataAnnotations' appeared previously in this namespace [C:\Users\r.sanil\source\CleanArchitechBlazor\CleanArchitectureWithBlazorServer\src\Server.UI\Server.UI.csproj]
C:\Users\r.sanil\source\CleanArchitechBlazor\CleanArchitectureWithBlazorServer\src\Server.UI\Pages\Identity\Authentication\Register.razor(8,8): warning CS0105: The using directive for 'System.Text' appeared previously in this namespace [C:\Users\r.sanil\source\CleanArchitechBlazor\CleanArchitectureWithBlazorServer\src\Server.UI\Server.UI.csproj]
C:\Users\r.sanil\source\CleanArchitechBlazor\CleanArchitectureWithBlazorServer\src\Server.UI\Pages\Identity\Authentication\Register.razor(10,8): warning CS0105: The using directive for 'System.ComponentModel.DataAnnotations' appeared previously in this namespace [C:\Users\r.sanil\source\CleanArchitechBlazor\CleanArchitectureWithBlazorServer\src\Server.UI\Server.UI.csproj]
C:\Users\r.sanil\source\CleanArchitechBlazor\CleanArchitectureWithBlazorServer\src\Server.UI\Pages\Identity\Authentication\Register.razor(11,8): warning CS0105: The using directive for 'System.Globalization' appeared previously in this namespace [C:\Users\r.sanil\source\CleanArchitechBlazor\CleanArchitectureWithBlazorServer\src\Server.UI\Server.UI.csproj]
C:\Users\r.sanil\source\CleanArchitechBlazor\CleanArchitectureWithBlazorServer\src\Server.UI\Pages\Identity\Authentication\ResetPassword.razor(3,8): warning CS0105: The using directive for 'System.Text' appeared previously in this namespace [C:\Users\r.sanil\source\CleanArchitechBlazor\CleanArchitectureWithBlazorServer\src\Server.UI\Server.UI.csproj]
C:\Users\r.sanil\source\CleanArchitechBlazor\CleanArchitectureWithBlazorServer\src\Server.UI\Pages\Identity\Authentication\ResetPassword.razor(5,8): warning CS0105: The using directive for 'System.ComponentModel.DataAnnotations' appeared previously in this namespace [C:\Users\r.sanil\source\CleanArchitechBlazor\CleanArchitectureWithBlazorServer\src\Server.UI\Server.UI.csproj]
C:\Users\r.sanil\source\CleanArchitechBlazor\CleanArchitectureWithBlazorServer\src\Server.UI\Pages\Cities.DISABLED\Cities.razor(2,54): error CS0234: The type or namespace name 'Cities' does not exist in the namespace 'CleanArchitecture.Blazor.Application.Features' (are you missing an assembly reference?) [C:\Users\r.sanil\source\CleanArchitechBlazor\CleanArchitectureWithBlazorServer\src\Server.UI\Server.UI.csproj]
C:\Users\r.sanil\source\CleanArchitechBlazor\CleanArchitectureWithBlazorServer\src\Server.UI\Pages\Cities.DISABLED\Cities.razor(3,54): error CS0234: The type or namespace name 'Cities' does not exist in the namespace 'CleanArchitecture.Blazor.Application.Features' (are you missing an assembly reference?) [C:\Users\r.sanil\source\CleanArchitechBlazor\CleanArchitectureWithBlazorServer\src\Server.UI\Server.UI.csproj]
C:\Users\r.sanil\source\CleanArchitechBlazor\CleanArchitectureWithBlazorServer\src\Server.UI\Pages\Cities.DISABLED\Cities.razor(4,54): error CS0234: The type or namespace name 'Cities' does not exist in the namespace 'CleanArchitecture.Blazor.Application.Features' (are you missing an assembly reference?) [C:\Users\r.sanil\source\CleanArchitechBlazor\CleanArchitectureWithBlazorServer\src\Server.UI\Server.UI.csproj]
C:\Users\r.sanil\source\CleanArchitechBlazor\CleanArchitectureWithBlazorServer\src\Server.UI\Pages\Cities.DISABLED\Cities.razor(5,54): error CS0234: The type or namespace name 'Cities' does not exist in the namespace 'CleanArchitecture.Blazor.Application.Features' (are you missing an assembly reference?) [C:\Users\r.sanil\source\CleanArchitechBlazor\CleanArchitectureWithBlazorServer\src\Server.UI\Server.UI.csproj]
C:\Users\r.sanil\source\CleanArchitechBlazor\CleanArchitectureWithBlazorServer\src\Server.UI\Pages\Cities.DISABLED\Cities.razor(6,54): error CS0234: The type or namespace name 'Cities' does not exist in the namespace 'CleanArchitecture.Blazor.Application.Features' (are you missing an assembly reference?) [C:\Users\r.sanil\source\CleanArchitechBlazor\CleanArchitectureWithBlazorServer\src\Server.UI\Server.UI.csproj]
C:\Users\r.sanil\source\CleanArchitechBlazor\CleanArchitectureWithBlazorServer\src\Server.UI\Pages\Cities.DISABLED\Cities.razor(7,54): error CS0234: The type or namespace name 'Cities' does not exist in the namespace 'CleanArchitecture.Blazor.Application.Features' (are you missing an assembly reference?) [C:\Users\r.sanil\source\CleanArchitechBlazor\CleanArchitectureWithBlazorServer\src\Server.UI\Server.UI.csproj]
C:\Users\r.sanil\source\CleanArchitechBlazor\CleanArchitectureWithBlazorServer\src\Server.UI\Pages\Cities.DISABLED\Cities.razor(8,54): error CS0234: The type or namespace name 'Countries' does not exist in the namespace 'CleanArchitecture.Blazor.Application.Features' (are you missing an assembly reference?) [C:\Users\r.sanil\source\CleanArchitechBlazor\CleanArchitectureWithBlazorServer\src\Server.UI\Server.UI.csproj]
C:\Users\r.sanil\source\CleanArchitechBlazor\CleanArchitectureWithBlazorServer\src\Server.UI\Pages\Cities.DISABLED\Cities.razor(9,54): error CS0234: The type or namespace name 'Countries' does not exist in the namespace 'CleanArchitecture.Blazor.Application.Features' (are you missing an assembly reference?) [C:\Users\r.sanil\source\CleanArchitechBlazor\CleanArchitectureWithBlazorServer\src\Server.UI\Server.UI.csproj]
C:\Users\r.sanil\source\CleanArchitechBlazor\CleanArchitectureWithBlazorServer\src\Server.UI\Pages\Cities.DISABLED\Cities.razor(10,49): error CS0234: The type or namespace name 'Cities' does not exist in the namespace 'CleanArchitecture.Blazor.Server.UI.Pages' (are you missing an assembly reference?) [C:\Users\r.sanil\source\CleanArchitechBlazor\CleanArchitectureWithBlazorServer\src\Server.UI\Server.UI.csproj]
C:\Users\r.sanil\source\CleanArchitechBlazor\CleanArchitectureWithBlazorServer\src\Server.UI\Pages\Cities.DISABLED\Cities.razor(189,57): error CS0246: The type or namespace name 'AddEditCityCommand' could not be found (are you missing a using directive or an assembly reference?) [C:\Users\r.sanil\source\CleanArchitechBlazor\CleanArchitectureWithBlazorServer\src\Server.UI\Server.UI.csproj]
C:\Users\r.sanil\source\CleanArchitechBlazor\CleanArchitectureWithBlazorServer\src\Server.UI\Pages\Cities.DISABLED\Components\CityFormDialog.razor(1,54): error CS0234: The type or namespace name 'Cities' does not exist in the namespace 'CleanArchitecture.Blazor.Application.Features' (are you missing an assembly reference?) [C:\Users\r.sanil\source\CleanArchitechBlazor\CleanArchitectureWithBlazorServer\src\Server.UI\Server.UI.csproj]
C:\Users\r.sanil\source\CleanArchitechBlazor\CleanArchitectureWithBlazorServer\src\Server.UI\Pages\Cities.DISABLED\Components\CityFormDialog.razor(2,54): error CS0234: The type or namespace name 'Cities' does not exist in the namespace 'CleanArchitecture.Blazor.Application.Features' (are you missing an assembly reference?) [C:\Users\r.sanil\source\CleanArchitechBlazor\CleanArchitectureWithBlazorServer\src\Server.UI\Server.UI.csproj]
C:\Users\r.sanil\source\CleanArchitechBlazor\CleanArchitectureWithBlazorServer\src\Server.UI\Pages\Cities.DISABLED\Components\CityFormDialog.razor(3,54): error CS0234: The type or namespace name 'Countries' does not exist in the namespace 'CleanArchitecture.Blazor.Application.Features' (are you missing an assembly reference?) [C:\Users\r.sanil\source\CleanArchitechBlazor\CleanArchitectureWithBlazorServer\src\Server.UI\Server.UI.csproj]
C:\Users\r.sanil\source\CleanArchitechBlazor\CleanArchitectureWithBlazorServer\src\Server.UI\Pages\BloodGroups.DISABLED\BloodGroups.razor(2,54): error CS0234: The type or namespace name 'BloodGroups' does not exist in the namespace 'CleanArchitecture.Blazor.Application.Features' (are you missing an assembly reference?) [C:\Users\r.sanil\source\CleanArchitechBlazor\CleanArchitectureWithBlazorServer\src\Server.UI\Server.UI.csproj]
C:\Users\r.sanil\source\CleanArchitechBlazor\CleanArchitectureWithBlazorServer\src\Server.UI\Pages\BloodGroups.DISABLED\BloodGroups.razor(3,54): error CS0234: The type or namespace name 'BloodGroups' does not exist in the namespace 'CleanArchitecture.Blazor.Application.Features' (are you missing an assembly reference?) [C:\Users\r.sanil\source\CleanArchitechBlazor\CleanArchitectureWithBlazorServer\src\Server.UI\Server.UI.csproj]
C:\Users\r.sanil\source\CleanArchitechBlazor\CleanArchitectureWithBlazorServer\src\Server.UI\Pages\BloodGroups.DISABLED\BloodGroups.razor(4,54): error CS0234: The type or namespace name 'BloodGroups' does not exist in the namespace 'CleanArchitecture.Blazor.Application.Features' (are you missing an assembly reference?) [C:\Users\r.sanil\source\CleanArchitechBlazor\CleanArchitectureWithBlazorServer\src\Server.UI\Server.UI.csproj]
C:\Users\r.sanil\source\CleanArchitechBlazor\CleanArchitectureWithBlazorServer\src\Server.UI\Pages\BloodGroups.DISABLED\BloodGroups.razor(5,54): error CS0234: The type or namespace name 'BloodGroups' does not exist in the namespace 'CleanArchitecture.Blazor.Application.Features' (are you missing an assembly reference?) [C:\Users\r.sanil\source\CleanArchitechBlazor\CleanArchitectureWithBlazorServer\src\Server.UI\Server.UI.csproj]
C:\Users\r.sanil\source\CleanArchitechBlazor\CleanArchitectureWithBlazorServer\src\Server.UI\Pages\BloodGroups.DISABLED\BloodGroups.razor(6,54): error CS0234: The type or namespace name 'BloodGroups' does not exist in the namespace 'CleanArchitecture.Blazor.Application.Features' (are you missing an assembly reference?) [C:\Users\r.sanil\source\CleanArchitechBlazor\CleanArchitectureWithBlazorServer\src\Server.UI\Server.UI.csproj]
C:\Users\r.sanil\source\CleanArchitechBlazor\CleanArchitectureWithBlazorServer\src\Server.UI\Pages\BloodGroups.DISABLED\BloodGroups.razor(7,54): error CS0234: The type or namespace name 'BloodGroups' does not exist in the namespace 'CleanArchitecture.Blazor.Application.Features' (are you missing an assembly reference?) [C:\Users\r.sanil\source\CleanArchitechBlazor\CleanArchitectureWithBlazorServer\src\Server.UI\Server.UI.csproj]
C:\Users\r.sanil\source\CleanArchitechBlazor\CleanArchitectureWithBlazorServer\src\Server.UI\Pages\BloodGroups.DISABLED\BloodGroups.razor(8,49): error CS0234: The type or namespace name 'BloodGroups' does not exist in the namespace 'CleanArchitecture.Blazor.Server.UI.Pages' (are you missing an assembly reference?) [C:\Users\r.sanil\source\CleanArchitechBlazor\CleanArchitectureWithBlazorServer\src\Server.UI\Server.UI.csproj]
C:\Users\r.sanil\source\CleanArchitechBlazor\CleanArchitectureWithBlazorServer\src\Server.UI\Pages\Cities.DISABLED\Components\CityFormDialog.razor(43,40): error CS0246: The type or namespace name 'AddEditCityCommand' could not be found (are you missing a using directive or an assembly reference?) [C:\Users\r.sanil\source\CleanArchitechBlazor\CleanArchitectureWithBlazorServer\src\Server.UI\Server.UI.csproj]
C:\Users\r.sanil\source\CleanArchitechBlazor\CleanArchitectureWithBlazorServer\src\Server.UI\Pages\BloodGroups.DISABLED\BloodGroups.razor(175,57): error CS0246: The type or namespace name 'AddEditBloodGroupCommand' could not be found (are you missing a using directive or an assembly reference?) [C:\Users\r.sanil\source\CleanArchitechBlazor\CleanArchitectureWithBlazorServer\src\Server.UI\Server.UI.csproj]
C:\Users\r.sanil\source\CleanArchitechBlazor\CleanArchitectureWithBlazorServer\src\Server.UI\Pages\BloodGroups.DISABLED\Components\BloodGroupFormDialog.razor(1,54): error CS0234: The type or namespace name 'BloodGroups' does not exist in the namespace 'CleanArchitecture.Blazor.Application.Features' (are you missing an assembly reference?) [C:\Users\r.sanil\source\CleanArchitechBlazor\CleanArchitectureWithBlazorServer\src\Server.UI\Server.UI.csproj]
C:\Users\r.sanil\source\CleanArchitechBlazor\CleanArchitectureWithBlazorServer\src\Server.UI\Pages\BloodGroups.DISABLED\Components\BloodGroupFormDialog.razor(2,54): error CS0234: The type or namespace name 'BloodGroups' does not exist in the namespace 'CleanArchitecture.Blazor.Application.Features' (are you missing an assembly reference?) [C:\Users\r.sanil\source\CleanArchitechBlazor\CleanArchitectureWithBlazorServer\src\Server.UI\Server.UI.csproj]
C:\Users\r.sanil\source\CleanArchitechBlazor\CleanArchitectureWithBlazorServer\src\Server.UI\Pages\Countries.DISABLED\Countries.razor(2,54): error CS0234: The type or namespace name 'Countries' does not exist in the namespace 'CleanArchitecture.Blazor.Application.Features' (are you missing an assembly reference?) [C:\Users\r.sanil\source\CleanArchitechBlazor\CleanArchitectureWithBlazorServer\src\Server.UI\Server.UI.csproj]
C:\Users\r.sanil\source\CleanArchitechBlazor\CleanArchitectureWithBlazorServer\src\Server.UI\Pages\Countries.DISABLED\Countries.razor(3,54): error CS0234: The type or namespace name 'Countries' does not exist in the namespace 'CleanArchitecture.Blazor.Application.Features' (are you missing an assembly reference?) [C:\Users\r.sanil\source\CleanArchitechBlazor\CleanArchitectureWithBlazorServer\src\Server.UI\Server.UI.csproj]
C:\Users\r.sanil\source\CleanArchitechBlazor\CleanArchitectureWithBlazorServer\src\Server.UI\Pages\Countries.DISABLED\Countries.razor(4,54): error CS0234: The type or namespace name 'Countries' does not exist in the namespace 'CleanArchitecture.Blazor.Application.Features' (are you missing an assembly reference?) [C:\Users\r.sanil\source\CleanArchitechBlazor\CleanArchitectureWithBlazorServer\src\Server.UI\Server.UI.csproj]
C:\Users\r.sanil\source\CleanArchitechBlazor\CleanArchitectureWithBlazorServer\src\Server.UI\Pages\Countries.DISABLED\Countries.razor(5,54): error CS0234: The type or namespace name 'Countries' does not exist in the namespace 'CleanArchitecture.Blazor.Application.Features' (are you missing an assembly reference?) [C:\Users\r.sanil\source\CleanArchitechBlazor\CleanArchitectureWithBlazorServer\src\Server.UI\Server.UI.csproj]
C:\Users\r.sanil\source\CleanArchitechBlazor\CleanArchitectureWithBlazorServer\src\Server.UI\Pages\Countries.DISABLED\Countries.razor(6,54): error CS0234: The type or namespace name 'Countries' does not exist in the namespace 'CleanArchitecture.Blazor.Application.Features' (are you missing an assembly reference?) [C:\Users\r.sanil\source\CleanArchitechBlazor\CleanArchitectureWithBlazorServer\src\Server.UI\Server.UI.csproj]
C:\Users\r.sanil\source\CleanArchitechBlazor\CleanArchitectureWithBlazorServer\src\Server.UI\Pages\Countries.DISABLED\Countries.razor(7,54): error CS0234: The type or namespace name 'Countries' does not exist in the namespace 'CleanArchitecture.Blazor.Application.Features' (are you missing an assembly reference?) [C:\Users\r.sanil\source\CleanArchitechBlazor\CleanArchitectureWithBlazorServer\src\Server.UI\Server.UI.csproj]
C:\Users\r.sanil\source\CleanArchitechBlazor\CleanArchitectureWithBlazorServer\src\Server.UI\Pages\Countries.DISABLED\Countries.razor(8,49): error CS0234: The type or namespace name 'Countries' does not exist in the namespace 'CleanArchitecture.Blazor.Server.UI.Pages' (are you missing an assembly reference?) [C:\Users\r.sanil\source\CleanArchitechBlazor\CleanArchitectureWithBlazorServer\src\Server.UI\Server.UI.csproj]
C:\Users\r.sanil\source\CleanArchitechBlazor\CleanArchitectureWithBlazorServer\src\Server.UI\Pages\Countries.DISABLED\Components\CountryFormDialog.razor(1,54): error CS0234: The type or namespace name 'Countries' does not exist in the namespace 'CleanArchitecture.Blazor.Application.Features' (are you missing an assembly reference?) [C:\Users\r.sanil\source\CleanArchitechBlazor\CleanArchitectureWithBlazorServer\src\Server.UI\Server.UI.csproj]
C:\Users\r.sanil\source\CleanArchitechBlazor\CleanArchitectureWithBlazorServer\src\Server.UI\Pages\Countries.DISABLED\Components\CountryFormDialog.razor(2,54): error CS0234: The type or namespace name 'Countries' does not exist in the namespace 'CleanArchitecture.Blazor.Application.Features' (are you missing an assembly reference?) [C:\Users\r.sanil\source\CleanArchitechBlazor\CleanArchitectureWithBlazorServer\src\Server.UI\Server.UI.csproj]
C:\Users\r.sanil\source\CleanArchitechBlazor\CleanArchitectureWithBlazorServer\src\Server.UI\Pages\Countries.DISABLED\Components\CountryFormDialog.razor(42,40): error CS0246: The type or namespace name 'AddEditCountryCommand' could not be found (are you missing a using directive or an assembly reference?) [C:\Users\r.sanil\source\CleanArchitechBlazor\CleanArchitectureWithBlazorServer\src\Server.UI\Server.UI.csproj]
C:\Users\r.sanil\source\CleanArchitechBlazor\CleanArchitectureWithBlazorServer\src\Server.UI\Pages\BloodGroups.DISABLED\Components\BloodGroupFormDialog.razor(36,40): error CS0246: The type or namespace name 'AddEditBloodGroupCommand' could not be found (are you missing a using directive or an assembly reference?) [C:\Users\r.sanil\source\CleanArchitechBlazor\CleanArchitectureWithBlazorServer\src\Server.UI\Server.UI.csproj]
C:\Users\r.sanil\source\CleanArchitechBlazor\CleanArchitectureWithBlazorServer\src\Server.UI\Pages\Countries.DISABLED\Countries.razor(177,57): error CS0246: The type or namespace name 'AddEditCountryCommand' could not be found (are you missing a using directive or an assembly reference?) [C:\Users\r.sanil\source\CleanArchitechBlazor\CleanArchitectureWithBlazorServer\src\Server.UI\Server.UI.csproj]
C:\Users\r.sanil\source\CleanArchitechBlazor\CleanArchitectureWithBlazorServer\src\Server.UI\Pages\Nationalities.DISABLED\Nationalities.razor(2,54): error CS0234: The type or namespace name 'Nationalities' does not exist in the namespace 'CleanArchitecture.Blazor.Application.Features' (are you missing an assembly reference?) [C:\Users\r.sanil\source\CleanArchitechBlazor\CleanArchitectureWithBlazorServer\src\Server.UI\Server.UI.csproj]
C:\Users\r.sanil\source\CleanArchitechBlazor\CleanArchitectureWithBlazorServer\src\Server.UI\Pages\Nationalities.DISABLED\Nationalities.razor(3,54): error CS0234: The type or namespace name 'Nationalities' does not exist in the namespace 'CleanArchitecture.Blazor.Application.Features' (are you missing an assembly reference?) [C:\Users\r.sanil\source\CleanArchitechBlazor\CleanArchitectureWithBlazorServer\src\Server.UI\Server.UI.csproj]
C:\Users\r.sanil\source\CleanArchitechBlazor\CleanArchitectureWithBlazorServer\src\Server.UI\Pages\Nationalities.DISABLED\Nationalities.razor(4,54): error CS0234: The type or namespace name 'Nationalities' does not exist in the namespace 'CleanArchitecture.Blazor.Application.Features' (are you missing an assembly reference?) [C:\Users\r.sanil\source\CleanArchitechBlazor\CleanArchitectureWithBlazorServer\src\Server.UI\Server.UI.csproj]
C:\Users\r.sanil\source\CleanArchitechBlazor\CleanArchitectureWithBlazorServer\src\Server.UI\Pages\Nationalities.DISABLED\Nationalities.razor(5,54): error CS0234: The type or namespace name 'Nationalities' does not exist in the namespace 'CleanArchitecture.Blazor.Application.Features' (are you missing an assembly reference?) [C:\Users\r.sanil\source\CleanArchitechBlazor\CleanArchitectureWithBlazorServer\src\Server.UI\Server.UI.csproj]
C:\Users\r.sanil\source\CleanArchitechBlazor\CleanArchitectureWithBlazorServer\src\Server.UI\Pages\Nationalities.DISABLED\Nationalities.razor(6,54): error CS0234: The type or namespace name 'Nationalities' does not exist in the namespace 'CleanArchitecture.Blazor.Application.Features' (are you missing an assembly reference?) [C:\Users\r.sanil\source\CleanArchitechBlazor\CleanArchitectureWithBlazorServer\src\Server.UI\Server.UI.csproj]
C:\Users\r.sanil\source\CleanArchitechBlazor\CleanArchitectureWithBlazorServer\src\Server.UI\Pages\Nationalities.DISABLED\Nationalities.razor(7,54): error CS0234: The type or namespace name 'Nationalities' does not exist in the namespace 'CleanArchitecture.Blazor.Application.Features' (are you missing an assembly reference?) [C:\Users\r.sanil\source\CleanArchitechBlazor\CleanArchitectureWithBlazorServer\src\Server.UI\Server.UI.csproj]
C:\Users\r.sanil\source\CleanArchitechBlazor\CleanArchitectureWithBlazorServer\src\Server.UI\Pages\Nationalities.DISABLED\Nationalities.razor(8,49): error CS0234: The type or namespace name 'Nationalities' does not exist in the namespace 'CleanArchitecture.Blazor.Server.UI.Pages' (are you missing an assembly reference?) [C:\Users\r.sanil\source\CleanArchitechBlazor\CleanArchitectureWithBlazorServer\src\Server.UI\Server.UI.csproj]
C:\Users\r.sanil\source\CleanArchitechBlazor\CleanArchitectureWithBlazorServer\src\Server.UI\Pages\MaritalStatuses.DISABLED\MaritalStatuses.razor(2,54): error CS0234: The type or namespace name 'MaritalStatuses' does not exist in the namespace 'CleanArchitecture.Blazor.Application.Features' (are you missing an assembly reference?) [C:\Users\r.sanil\source\CleanArchitechBlazor\CleanArchitectureWithBlazorServer\src\Server.UI\Server.UI.csproj]
C:\Users\r.sanil\source\CleanArchitechBlazor\CleanArchitectureWithBlazorServer\src\Server.UI\Pages\MaritalStatuses.DISABLED\MaritalStatuses.razor(3,54): error CS0234: The type or namespace name 'MaritalStatuses' does not exist in the namespace 'CleanArchitecture.Blazor.Application.Features' (are you missing an assembly reference?) [C:\Users\r.sanil\source\CleanArchitechBlazor\CleanArchitectureWithBlazorServer\src\Server.UI\Server.UI.csproj]
C:\Users\r.sanil\source\CleanArchitechBlazor\CleanArchitectureWithBlazorServer\src\Server.UI\Pages\MaritalStatuses.DISABLED\MaritalStatuses.razor(4,54): error CS0234: The type or namespace name 'MaritalStatuses' does not exist in the namespace 'CleanArchitecture.Blazor.Application.Features' (are you missing an assembly reference?) [C:\Users\r.sanil\source\CleanArchitechBlazor\CleanArchitectureWithBlazorServer\src\Server.UI\Server.UI.csproj]
C:\Users\r.sanil\source\CleanArchitechBlazor\CleanArchitectureWithBlazorServer\src\Server.UI\Pages\MaritalStatuses.DISABLED\MaritalStatuses.razor(5,54): error CS0234: The type or namespace name 'MaritalStatuses' does not exist in the namespace 'CleanArchitecture.Blazor.Application.Features' (are you missing an assembly reference?) [C:\Users\r.sanil\source\CleanArchitechBlazor\CleanArchitectureWithBlazorServer\src\Server.UI\Server.UI.csproj]
C:\Users\r.sanil\source\CleanArchitechBlazor\CleanArchitectureWithBlazorServer\src\Server.UI\Pages\MaritalStatuses.DISABLED\MaritalStatuses.razor(6,54): error CS0234: The type or namespace name 'MaritalStatuses' does not exist in the namespace 'CleanArchitecture.Blazor.Application.Features' (are you missing an assembly reference?) [C:\Users\r.sanil\source\CleanArchitechBlazor\CleanArchitectureWithBlazorServer\src\Server.UI\Server.UI.csproj]
C:\Users\r.sanil\source\CleanArchitechBlazor\CleanArchitectureWithBlazorServer\src\Server.UI\Pages\MaritalStatuses.DISABLED\MaritalStatuses.razor(7,54): error CS0234: The type or namespace name 'MaritalStatuses' does not exist in the namespace 'CleanArchitecture.Blazor.Application.Features' (are you missing an assembly reference?) [C:\Users\r.sanil\source\CleanArchitechBlazor\CleanArchitectureWithBlazorServer\src\Server.UI\Server.UI.csproj]
C:\Users\r.sanil\source\CleanArchitechBlazor\CleanArchitectureWithBlazorServer\src\Server.UI\Pages\MaritalStatuses.DISABLED\MaritalStatuses.razor(8,49): error CS0234: The type or namespace name 'MaritalStatuses' does not exist in the namespace 'CleanArchitecture.Blazor.Server.UI.Pages' (are you missing an assembly reference?) [C:\Users\r.sanil\source\CleanArchitechBlazor\CleanArchitectureWithBlazorServer\src\Server.UI\Server.UI.csproj]
C:\Users\r.sanil\source\CleanArchitechBlazor\CleanArchitectureWithBlazorServer\src\Server.UI\Pages\Nationalities.DISABLED\Components\NationalityFormDialog.razor(1,54): error CS0234: The type or namespace name 'Nationalities' does not exist in the namespace 'CleanArchitecture.Blazor.Application.Features' (are you missing an assembly reference?) [C:\Users\r.sanil\source\CleanArchitechBlazor\CleanArchitectureWithBlazorServer\src\Server.UI\Server.UI.csproj]
C:\Users\r.sanil\source\CleanArchitechBlazor\CleanArchitectureWithBlazorServer\src\Server.UI\Pages\Nationalities.DISABLED\Components\NationalityFormDialog.razor(2,54): error CS0234: The type or namespace name 'Nationalities' does not exist in the namespace 'CleanArchitecture.Blazor.Application.Features' (are you missing an assembly reference?) [C:\Users\r.sanil\source\CleanArchitechBlazor\CleanArchitectureWithBlazorServer\src\Server.UI\Server.UI.csproj]
C:\Users\r.sanil\source\CleanArchitechBlazor\CleanArchitectureWithBlazorServer\src\Server.UI\Pages\MaritalStatuses.DISABLED\Components\MaritalStatusFormDialog.razor(1,54): error CS0234: The type or namespace name 'MaritalStatuses' does not exist in the namespace 'CleanArchitecture.Blazor.Application.Features' (are you missing an assembly reference?) [C:\Users\r.sanil\source\CleanArchitechBlazor\CleanArchitectureWithBlazorServer\src\Server.UI\Server.UI.csproj]
C:\Users\r.sanil\source\CleanArchitechBlazor\CleanArchitectureWithBlazorServer\src\Server.UI\Pages\MaritalStatuses.DISABLED\Components\MaritalStatusFormDialog.razor(2,54): error CS0234: The type or namespace name 'MaritalStatuses' does not exist in the namespace 'CleanArchitecture.Blazor.Application.Features' (are you missing an assembly reference?) [C:\Users\r.sanil\source\CleanArchitechBlazor\CleanArchitectureWithBlazorServer\src\Server.UI\Server.UI.csproj]
C:\Users\r.sanil\source\CleanArchitechBlazor\CleanArchitectureWithBlazorServer\src\Server.UI\Pages\Patients\PatientForm.razor(7,54): error CS0234: The type or namespace name 'BloodGroups' does not exist in the namespace 'CleanArchitecture.Blazor.Application.Features' (are you missing an assembly reference?) [C:\Users\r.sanil\source\CleanArchitechBlazor\CleanArchitectureWithBlazorServer\src\Server.UI\Server.UI.csproj]
C:\Users\r.sanil\source\CleanArchitechBlazor\CleanArchitectureWithBlazorServer\src\Server.UI\Pages\Patients\PatientForm.razor(8,54): error CS0234: The type or namespace name 'BloodGroups' does not exist in the namespace 'CleanArchitecture.Blazor.Application.Features' (are you missing an assembly reference?) [C:\Users\r.sanil\source\CleanArchitechBlazor\CleanArchitectureWithBlazorServer\src\Server.UI\Server.UI.csproj]
C:\Users\r.sanil\source\CleanArchitechBlazor\CleanArchitectureWithBlazorServer\src\Server.UI\Pages\Patients\PatientForm.razor(9,54): error CS0234: The type or namespace name 'Countries' does not exist in the namespace 'CleanArchitecture.Blazor.Application.Features' (are you missing an assembly reference?) [C:\Users\r.sanil\source\CleanArchitechBlazor\CleanArchitectureWithBlazorServer\src\Server.UI\Server.UI.csproj]
C:\Users\r.sanil\source\CleanArchitechBlazor\CleanArchitectureWithBlazorServer\src\Server.UI\Pages\Patients\PatientForm.razor(10,54): error CS0234: The type or namespace name 'Countries' does not exist in the namespace 'CleanArchitecture.Blazor.Application.Features' (are you missing an assembly reference?) [C:\Users\r.sanil\source\CleanArchitechBlazor\CleanArchitectureWithBlazorServer\src\Server.UI\Server.UI.csproj]
C:\Users\r.sanil\source\CleanArchitechBlazor\CleanArchitectureWithBlazorServer\src\Server.UI\Pages\Patients\PatientForm.razor(11,54): error CS0234: The type or namespace name 'Cities' does not exist in the namespace 'CleanArchitecture.Blazor.Application.Features' (are you missing an assembly reference?) [C:\Users\r.sanil\source\CleanArchitechBlazor\CleanArchitectureWithBlazorServer\src\Server.UI\Server.UI.csproj]
C:\Users\r.sanil\source\CleanArchitechBlazor\CleanArchitectureWithBlazorServer\src\Server.UI\Pages\Patients\PatientForm.razor(12,54): error CS0234: The type or namespace name 'Cities' does not exist in the namespace 'CleanArchitecture.Blazor.Application.Features' (are you missing an assembly reference?) [C:\Users\r.sanil\source\CleanArchitechBlazor\CleanArchitectureWithBlazorServer\src\Server.UI\Server.UI.csproj]
C:\Users\r.sanil\source\CleanArchitechBlazor\CleanArchitectureWithBlazorServer\src\Server.UI\Pages\Patients\PatientForm.razor(13,54): error CS0234: The type or namespace name 'Nationalities' does not exist in the namespace 'CleanArchitecture.Blazor.Application.Features' (are you missing an assembly reference?) [C:\Users\r.sanil\source\CleanArchitechBlazor\CleanArchitectureWithBlazorServer\src\Server.UI\Server.UI.csproj]
C:\Users\r.sanil\source\CleanArchitechBlazor\CleanArchitectureWithBlazorServer\src\Server.UI\Pages\Patients\PatientForm.razor(14,54): error CS0234: The type or namespace name 'Nationalities' does not exist in the namespace 'CleanArchitecture.Blazor.Application.Features' (are you missing an assembly reference?) [C:\Users\r.sanil\source\CleanArchitechBlazor\CleanArchitectureWithBlazorServer\src\Server.UI\Server.UI.csproj]
C:\Users\r.sanil\source\CleanArchitechBlazor\CleanArchitectureWithBlazorServer\src\Server.UI\Pages\Patients\PatientForm.razor(15,54): error CS0234: The type or namespace name 'MaritalStatuses' does not exist in the namespace 'CleanArchitecture.Blazor.Application.Features' (are you missing an assembly reference?) [C:\Users\r.sanil\source\CleanArchitechBlazor\CleanArchitectureWithBlazorServer\src\Server.UI\Server.UI.csproj]
C:\Users\r.sanil\source\CleanArchitechBlazor\CleanArchitectureWithBlazorServer\src\Server.UI\Pages\Patients\PatientForm.razor(16,54): error CS0234: The type or namespace name 'MaritalStatuses' does not exist in the namespace 'CleanArchitecture.Blazor.Application.Features' (are you missing an assembly reference?) [C:\Users\r.sanil\source\CleanArchitechBlazor\CleanArchitectureWithBlazorServer\src\Server.UI\Server.UI.csproj]
C:\Users\r.sanil\source\CleanArchitechBlazor\CleanArchitectureWithBlazorServer\src\Server.UI\Pages\MaritalStatuses.DISABLED\MaritalStatuses.razor(175,57): error CS0246: The type or namespace name 'AddEditMaritalStatusCommand' could not be found (are you missing a using directive or an assembly reference?) [C:\Users\r.sanil\source\CleanArchitechBlazor\CleanArchitectureWithBlazorServer\src\Server.UI\Server.UI.csproj]
C:\Users\r.sanil\source\CleanArchitechBlazor\CleanArchitectureWithBlazorServer\src\Server.UI\Pages\Nationalities.DISABLED\Components\NationalityFormDialog.razor(33,40): error CS0246: The type or namespace name 'AddEditNationalityCommand' could not be found (are you missing a using directive or an assembly reference?) [C:\Users\r.sanil\source\CleanArchitechBlazor\CleanArchitectureWithBlazorServer\src\Server.UI\Server.UI.csproj]
C:\Users\r.sanil\source\CleanArchitechBlazor\CleanArchitectureWithBlazorServer\src\Server.UI\Pages\Patients\Components\PatientFormDialog.razor(2,54): error CS0234: The type or namespace name 'BloodGroups' does not exist in the namespace 'CleanArchitecture.Blazor.Application.Features' (are you missing an assembly reference?) [C:\Users\r.sanil\source\CleanArchitechBlazor\CleanArchitectureWithBlazorServer\src\Server.UI\Server.UI.csproj]
C:\Users\r.sanil\source\CleanArchitechBlazor\CleanArchitectureWithBlazorServer\src\Server.UI\Pages\Patients\Components\PatientFormDialog.razor(3,54): error CS0234: The type or namespace name 'BloodGroups' does not exist in the namespace 'CleanArchitecture.Blazor.Application.Features' (are you missing an assembly reference?) [C:\Users\r.sanil\source\CleanArchitechBlazor\CleanArchitectureWithBlazorServer\src\Server.UI\Server.UI.csproj]
C:\Users\r.sanil\source\CleanArchitechBlazor\CleanArchitectureWithBlazorServer\src\Server.UI\Pages\Patients\Components\PatientFormDialog.razor(4,54): error CS0234: The type or namespace name 'MaritalStatuses' does not exist in the namespace 'CleanArchitecture.Blazor.Application.Features' (are you missing an assembly reference?) [C:\Users\r.sanil\source\CleanArchitechBlazor\CleanArchitectureWithBlazorServer\src\Server.UI\Server.UI.csproj]
C:\Users\r.sanil\source\CleanArchitechBlazor\CleanArchitectureWithBlazorServer\src\Server.UI\Pages\Patients\Components\PatientFormDialog.razor(5,54): error CS0234: The type or namespace name 'MaritalStatuses' does not exist in the namespace 'CleanArchitecture.Blazor.Application.Features' (are you missing an assembly reference?) [C:\Users\r.sanil\source\CleanArchitechBlazor\CleanArchitectureWithBlazorServer\src\Server.UI\Server.UI.csproj]
C:\Users\r.sanil\source\CleanArchitechBlazor\CleanArchitectureWithBlazorServer\src\Server.UI\Pages\Patients\Components\PatientFormDialog.razor(6,54): error CS0234: The type or namespace name 'Nationalities' does not exist in the namespace 'CleanArchitecture.Blazor.Application.Features' (are you missing an assembly reference?) [C:\Users\r.sanil\source\CleanArchitechBlazor\CleanArchitectureWithBlazorServer\src\Server.UI\Server.UI.csproj]
C:\Users\r.sanil\source\CleanArchitechBlazor\CleanArchitectureWithBlazorServer\src\Server.UI\Pages\Patients\Components\PatientFormDialog.razor(7,54): error CS0234: The type or namespace name 'Nationalities' does not exist in the namespace 'CleanArchitecture.Blazor.Application.Features' (are you missing an assembly reference?) [C:\Users\r.sanil\source\CleanArchitechBlazor\CleanArchitectureWithBlazorServer\src\Server.UI\Server.UI.csproj]
C:\Users\r.sanil\source\CleanArchitechBlazor\CleanArchitectureWithBlazorServer\src\Server.UI\Pages\Patients\Components\PatientFormDialog.razor(8,54): error CS0234: The type or namespace name 'Cities' does not exist in the namespace 'CleanArchitecture.Blazor.Application.Features' (are you missing an assembly reference?) [C:\Users\r.sanil\source\CleanArchitechBlazor\CleanArchitectureWithBlazorServer\src\Server.UI\Server.UI.csproj]
C:\Users\r.sanil\source\CleanArchitechBlazor\CleanArchitectureWithBlazorServer\src\Server.UI\Pages\Patients\Components\PatientFormDialog.razor(9,54): error CS0234: The type or namespace name 'Cities' does not exist in the namespace 'CleanArchitecture.Blazor.Application.Features' (are you missing an assembly reference?) [C:\Users\r.sanil\source\CleanArchitechBlazor\CleanArchitectureWithBlazorServer\src\Server.UI\Server.UI.csproj]
C:\Users\r.sanil\source\CleanArchitechBlazor\CleanArchitectureWithBlazorServer\src\Server.UI\Pages\Patients\Components\PatientFormDialog.razor(10,54): error CS0234: The type or namespace name 'Countries' does not exist in the namespace 'CleanArchitecture.Blazor.Application.Features' (are you missing an assembly reference?) [C:\Users\r.sanil\source\CleanArchitechBlazor\CleanArchitectureWithBlazorServer\src\Server.UI\Server.UI.csproj]
C:\Users\r.sanil\source\CleanArchitechBlazor\CleanArchitectureWithBlazorServer\src\Server.UI\Pages\Patients\Components\PatientFormDialog.razor(11,54): error CS0234: The type or namespace name 'Countries' does not exist in the namespace 'CleanArchitecture.Blazor.Application.Features' (are you missing an assembly reference?) [C:\Users\r.sanil\source\CleanArchitechBlazor\CleanArchitectureWithBlazorServer\src\Server.UI\Server.UI.csproj]
C:\Users\r.sanil\source\CleanArchitechBlazor\CleanArchitectureWithBlazorServer\src\Server.UI\Pages\MaritalStatuses.DISABLED\Components\MaritalStatusFormDialog.razor(36,40): error CS0246: The type or namespace name 'AddEditMaritalStatusCommand' could not be found (are you missing a using directive or an assembly reference?) [C:\Users\r.sanil\source\CleanArchitechBlazor\CleanArchitectureWithBlazorServer\src\Server.UI\Server.UI.csproj]
C:\Users\r.sanil\source\CleanArchitechBlazor\CleanArchitectureWithBlazorServer\src\Server.UI\Pages\Nationalities.DISABLED\Nationalities.razor(174,57): error CS0246: The type or namespace name 'AddEditNationalityCommand' could not be found (are you missing a using directive or an assembly reference?) [C:\Users\r.sanil\source\CleanArchitechBlazor\CleanArchitectureWithBlazorServer\src\Server.UI\Server.UI.csproj]
    25 Warning(s)
    78 Error(s)

Time Elapsed 00:00:14.55
